
 Start         Length     Name                   Class
 0001:00401000 001513D8H .text                   CODE
 0002:00553000 0000126CH .itext                  ICODE
 0003:00555000 000071FCH .data                   DATA
 0004:0055D000 00005828H .bss                    BSS
 0005:00000000 0000003CH .tls                    TLS


Detailed map of segments

 0001:00000000 0000A071 C=CODE     S=.text    G=(none)   M=System   ACBP=A9
 0001:0000A074 0000010D C=CODE     S=.text    G=(none)   M=SysInit  ACBP=A9
 0001:0000A184 00000430 C=CODE     S=.text    G=(none)   M=Types    ACBP=A9
 0001:0000A5B4 000019DD C=CODE     S=.text    G=(none)   M=Windows  ACBP=A9
 0001:0000BF94 0000027D C=CODE     S=.text    G=(none)   M=Messages ACBP=A9
 0001:0000C214 000006F6 C=CODE     S=.text    G=(none)   M=ActiveX  ACBP=A9
 0001:0000C90C 000000DE C=CODE     S=.text    G=(none)   M=CommCtrl ACBP=A9
 0001:0000C9EC 00000360 C=CODE     S=.text    G=(none)   M=SysConst ACBP=A9
 0001:0000CD4C 000001C8 C=CODE     S=.text    G=(none)   M=RTLConsts ACBP=A9
 0001:0000CF14 00000230 C=CODE     S=.text    G=(none)   M=Character ACBP=A9
 0001:0000D144 0000017D C=CODE     S=.text    G=(none)   M=StrUtils ACBP=A9
 0001:0000D2C4 0000D3D7 C=CODE     S=.text    G=(none)   M=SysUtils ACBP=A9
 0001:0001A69C 00000803 C=CODE     S=.text    G=(none)   M=VarUtils ACBP=A9
 0001:0001AEA0 0000B3C8 C=CODE     S=.text    G=(none)   M=Variants ACBP=A9
 0001:00026268 00002BAB C=CODE     S=.text    G=(none)   M=TypInfo  ACBP=A9
 0001:00028E14 00017ED8 C=CODE     S=.text    G=(none)   M=Classes  ACBP=A9
 0001:00040CEC 00000038 C=CODE     S=.text    G=(none)   M=TimeSpan ACBP=A9
 0001:00040D24 0000121F C=CODE     S=.text    G=(none)   M=SyncObjs ACBP=A9
 0001:00041F44 00000D46 C=CODE     S=.text    G=(none)   M=UxTheme  ACBP=A9
 0001:00042C8C 0000005B C=CODE     S=.text    G=(none)   M=Dwmapi   ACBP=A9
 0001:00042CE8 00000E69 C=CODE     S=.text    G=(none)   M=Contnrs  ACBP=A9
 0001:00043B54 00001FDE C=CODE     S=.text    G=(none)   M=HelpIntfs ACBP=A9
 0001:00045B34 0000086B C=CODE     S=.text    G=(none)   M=MultiMon ACBP=A9
 0001:000463A0 00000094 C=CODE     S=.text    G=(none)   M=Wincodec ACBP=A9
 0001:00046434 00000300 C=CODE     S=.text    G=(none)   M=Consts   ACBP=A9
 0001:00046734 00000037 C=CODE     S=.text    G=(none)   M=DateUtils ACBP=A9
 0001:0004676C 000000FC C=CODE     S=.text    G=(none)   M=IOUtils  ACBP=A9
 0001:00046868 00002E8B C=CODE     S=.text    G=(none)   M=IniFiles ACBP=A9
 0001:000496F4 000048A2 C=CODE     S=.text    G=(none)   M=Registry ACBP=A9
 0001:0004DF98 000118F8 C=CODE     S=.text    G=(none)   M=Graphics ACBP=A9
 0001:0005F890 00006D8A C=CODE     S=.text    G=(none)   M=ZLib     ACBP=A9
 0001:0006661C 000018CE C=CODE     S=.text    G=(none)   M=GraphUtil ACBP=A9
 0001:00067EEC 00000172 C=CODE     S=.text    G=(none)   M=ShellAPI ACBP=A9
 0001:00068060 0000183F C=CODE     S=.text    G=(none)   M=StdCtrls ACBP=A9
 0001:000698A0 00000013 C=CODE     S=.text    G=(none)   M=Printers ACBP=A9
 0001:000698B4 00000529 C=CODE     S=.text    G=(none)   M=WideStrUtils ACBP=A9
 0001:00069DE0 000000CB C=CODE     S=.text    G=(none)   M=Clipbrd  ACBP=A9
 0001:00069EAC 00002E33 C=CODE     S=.text    G=(none)   M=ExtCtrls ACBP=A9
 0001:0006CCE0 00000415 C=CODE     S=.text    G=(none)   M=ComCtrls ACBP=A9
 0001:0006D0F8 000009DC C=CODE     S=.text    G=(none)   M=Dialogs  ACBP=A9
 0001:0006DAD4 00000189 C=CODE     S=.text    G=(none)   M=StdActns ACBP=A9
 0001:0006DC60 00000387 C=CODE     S=.text    G=(none)   M=FlatSB   ACBP=A9
 0001:0006DFE8 00009971 C=CODE     S=.text    G=(none)   M=Menus    ACBP=A9
 0001:0007795C 0001F318 C=CODE     S=.text    G=(none)   M=Controls ACBP=A9
 0001:00096C74 00004C26 C=CODE     S=.text    G=(none)   M=Themes   ACBP=A9
 0001:0009B89C 00002A85 C=CODE     S=.text    G=(none)   M=ImgList  ACBP=A9
 0001:0009E324 000022EF C=CODE     S=.text    G=(none)   M=ActnList ACBP=A9
 0001:000A0614 00015F31 C=CODE     S=.text    G=(none)   M=Forms    ACBP=A9
 0001:000B6548 000016CA C=CODE     S=.text    G=(none)   M=RzGrafx  ACBP=A9
 0001:000B7C14 00005CB3 C=CODE     S=.text    G=(none)   M=RzCommon ACBP=A9
 0001:000BD8C8 000003F2 C=CODE     S=.text    G=(none)   M=Buttons  ACBP=A9
 0001:000BDCBC 00001062 C=CODE     S=.text    G=(none)   M=MaskUtils ACBP=A9
 0001:000BED20 00000604 C=CODE     S=.text    G=(none)   M=RzCmboBx ACBP=A9
 0001:000BF324 00003A71 C=CODE     S=.text    G=(none)   M=RzRadChk ACBP=A9
 0001:000C2D98 00000094 C=CODE     S=.text    G=(none)   M=ExtDlgs  ACBP=A9
 0001:000C2E2C 0000060C C=CODE     S=.text    G=(none)   M=RzBorder ACBP=A9
 0001:000C3438 00000155 C=CODE     S=.text    G=(none)   M=RzPopups ACBP=A9
 0001:000C3590 00000DE6 C=CODE     S=.text    G=(none)   M=RzButton ACBP=A9
 0001:000C4378 00003569 C=CODE     S=.text    G=(none)   M=RzPanel  ACBP=A9
 0001:000C78E4 00000028 C=CODE     S=.text    G=(none)   M=ComConst ACBP=A9
 0001:000C790C 00001B9B C=CODE     S=.text    G=(none)   M=ComObj   ACBP=A9
 0001:000C94A8 00001D48 C=CODE     S=.text    G=(none)   M=AxCtrls  ACBP=A9
 0001:000CB1F0 00000028 C=CODE     S=.text    G=(none)   M=OleConst ACBP=A9
 0001:000CB218 000043DB C=CODE     S=.text    G=(none)   M=OleCtrls ACBP=A9
 0001:000CF5F4 00000BC3 C=CODE     S=.text    G=(none)   M=OleServer ACBP=A9
 0001:000D01B8 00002EB8 C=CODE     S=.text    G=(none)   M=SHDocVw  ACBP=A9
 0001:000D3070 000000B0 C=CODE     S=.text    G=(none)   M=pnglang  ACBP=A9
 0001:000D3120 0000A9DE C=CODE     S=.text    G=(none)   M=pngimage ACBP=A9
 0001:000DDB00 00001727 C=CODE     S=.text    G=(none)   M=AppEvnts ACBP=A9
 0001:000DF228 00000140 C=CODE     S=.text    G=(none)   M=GIFConsts ACBP=A9
 0001:000DF368 00000006 C=CODE     S=.text    G=(none)   M=MMSystem ACBP=A9
 0001:000DF370 000167D9 C=CODE     S=.text    G=(none)   M=GIFImg   ACBP=A9
 0001:000F5B4C 0000082A C=CODE     S=.text    G=(none)   M=Xiayijian.UNulContainer ACBP=A9
 0001:000F6378 00002B34 C=CODE     S=.text    G=(none)   M=RzBmpBtn ACBP=A9
 0001:000F8EAC 000020F8 C=CODE     S=.text    G=(none)   M=RzPrgres ACBP=A9
 0001:000FAFA4 00002393 C=CODE     S=.text    G=(none)   M=WideStrings ACBP=A9
 0001:000FD338 0000008D C=CODE     S=.text    G=(none)   M=DBCommonTypes ACBP=A9
 0001:000FD3C8 00000178 C=CODE     S=.text    G=(none)   M=DBConsts ACBP=A9
 0001:000FD540 00006A53 C=CODE     S=.text    G=(none)   M=FMTBcd   ACBP=A9
 0001:00103F94 0000317D C=CODE     S=.text    G=(none)   M=SqlTimSt ACBP=A9
 0001:00107114 00023EC5 C=CODE     S=.text    G=(none)   M=DB       ACBP=A9
 0001:0012AFDC 00000396 C=CODE     S=.text    G=(none)   M=ADOInt   ACBP=A9
 0001:0012B374 00000092 C=CODE     S=.text    G=(none)   M=OleDB    ACBP=A9
 0001:0012B408 00000070 C=CODE     S=.text    G=(none)   M=ADOConst ACBP=A9
 0001:0012B478 00000164 C=CODE     S=.text    G=(none)   M=Mtx      ACBP=A9
 0001:0012B5DC 00000CA0 C=CODE     S=.text    G=(none)   M=DBCommon ACBP=A9
 0001:0012C27C 0001476E C=CODE     S=.text    G=(none)   M=ADODB    ACBP=A9
 0001:001409EC 000003AC C=CODE     S=.text    G=(none)   M=Xiayijian.UExternalContainer ACBP=A9
 0001:00140D98 00000345 C=CODE     S=.text    G=(none)   M=Xiayijian.SystemConfig ACBP=A9
 0001:001410E0 000021F0 C=CODE     S=.text    G=(none)   M=Xiayijian.BaseFormMain ACBP=A9
 0001:001432D0 00001C87 C=CODE     S=.text    G=(none)   M=RzTray   ACBP=A9
 0001:00144F58 00000D10 C=CODE     S=.text    G=(none)   M=Xiayijian.FormLogin ACBP=A9
 0001:00145C68 00000857 C=CODE     S=.text    G=(none)   M=Xiayijian.FormMain ACBP=A9
 0001:001464C0 00000EC4 C=CODE     S=.text    G=(none)   M=Xiayijian.BaseFormCommon ACBP=A9
 0001:00147384 00000DB4 C=CODE     S=.text    G=(none)   M=Xiayijian.FormSetting ACBP=A9
 0001:00148138 0000041A C=CODE     S=.text    G=(none)   M=Xiayijian.FormMessageBox ACBP=A9
 0001:00148554 000002DE C=CODE     S=.text    G=(none)   M=Xiayijian.FrameImportSyncStepOne ACBP=A9
 0001:00148834 00000310 C=CODE     S=.text    G=(none)   M=Xiayijian.FrameImportSyncStepTwo ACBP=A9
 0001:00148B44 000001A0 C=CODE     S=.text    G=(none)   M=Xiayijian.FrameImportSyncStepThree ACBP=A9
 0001:00148CE4 00000966 C=CODE     S=.text    G=(none)   M=Xiayijian.FormImportSync ACBP=A9
 0001:0014964C 00000378 C=CODE     S=.text    G=(none)   M=Xiayijian.FormOpenFrame ACBP=A9
 0001:001499C4 00000BF4 C=CODE     S=.text    G=(none)   M=Xiayijian.FunctionCommon ACBP=A9
 0001:0014A5B8 00000487 C=CODE     S=.text    G=(none)   M=Xiayijian.UMyExternal ACBP=A9
 0001:0014AA40 00006995 C=CODE     S=.text    G=(none)   M=Xiayijian.NetFavorites ACBP=A9
 0002:00000000 000000AA C=ICODE    S=.itext   G=(none)   M=System   ACBP=A9
 0002:000000AC 00000016 C=ICODE    S=.itext   G=(none)   M=Windows  ACBP=A9
 0002:000000C4 000000B4 C=ICODE    S=.itext   G=(none)   M=SysUtils ACBP=A9
 0002:00000178 0000000F C=ICODE    S=.itext   G=(none)   M=VarUtils ACBP=A9
 0002:00000188 000000AA C=ICODE    S=.itext   G=(none)   M=Variants ACBP=A9
 0002:00000234 00000008 C=ICODE    S=.itext   G=(none)   M=TypInfo  ACBP=A9
 0002:0000023C 0000009D C=ICODE    S=.itext   G=(none)   M=Classes  ACBP=A9
 0002:000002DC 00000032 C=ICODE    S=.itext   G=(none)   M=TimeSpan ACBP=A9
 0002:00000310 0000000F C=ICODE    S=.itext   G=(none)   M=SyncObjs ACBP=A9
 0002:00000320 0000001B C=ICODE    S=.itext   G=(none)   M=UxTheme  ACBP=A9
 0002:0000033C 00000008 C=ICODE    S=.itext   G=(none)   M=HelpIntfs ACBP=A9
 0002:00000344 0000000F C=ICODE    S=.itext   G=(none)   M=MultiMon ACBP=A9
 0002:00000354 00000460 C=ICODE    S=.itext   G=(none)   M=IOUtils  ACBP=A9
 0002:000007B4 00000008 C=ICODE    S=.itext   G=(none)   M=IniFiles ACBP=A9
 0002:000007BC 00000008 C=ICODE    S=.itext   G=(none)   M=Registry ACBP=A9
 0002:000007C4 000000FB C=ICODE    S=.itext   G=(none)   M=Graphics ACBP=A9
 0002:000008C0 00000086 C=ICODE    S=.itext   G=(none)   M=GraphUtil ACBP=A9
 0002:00000948 00000008 C=ICODE    S=.itext   G=(none)   M=Printers ACBP=A9
 0002:00000950 00000078 C=ICODE    S=.itext   G=(none)   M=Clipbrd  ACBP=A9
 0002:000009C8 00000054 C=ICODE    S=.itext   G=(none)   M=ExtCtrls ACBP=A9
 0002:00000A1C 00000039 C=ICODE    S=.itext   G=(none)   M=ComCtrls ACBP=A9
 0002:00000A58 0000003D C=ICODE    S=.itext   G=(none)   M=Dialogs  ACBP=A9
 0002:00000A98 0000000F C=ICODE    S=.itext   G=(none)   M=FlatSB   ACBP=A9
 0002:00000AA8 00000085 C=ICODE    S=.itext   G=(none)   M=Menus    ACBP=A9
 0002:00000B30 00000088 C=ICODE    S=.itext   G=(none)   M=Controls ACBP=A9
 0002:00000BB8 00000008 C=ICODE    S=.itext   G=(none)   M=Themes   ACBP=A9
 0002:00000BC0 0000002A C=ICODE    S=.itext   G=(none)   M=ActnList ACBP=A9
 0002:00000BEC 0000005C C=ICODE    S=.itext   G=(none)   M=Forms    ACBP=A9
 0002:00000C48 0000001E C=ICODE    S=.itext   G=(none)   M=RzCommon ACBP=A9
 0002:00000C68 00000025 C=ICODE    S=.itext   G=(none)   M=Buttons  ACBP=A9
 0002:00000C90 00000008 C=ICODE    S=.itext   G=(none)   M=RzCmboBx ACBP=A9
 0002:00000C98 00000014 C=ICODE    S=.itext   G=(none)   M=ExtDlgs  ACBP=A9
 0002:00000CAC 00000014 C=ICODE    S=.itext   G=(none)   M=RzBorder ACBP=A9
 0002:00000CC0 00000008 C=ICODE    S=.itext   G=(none)   M=RzPopups ACBP=A9
 0002:00000CC8 00000025 C=ICODE    S=.itext   G=(none)   M=RzButton ACBP=A9
 0002:00000CF0 00000055 C=ICODE    S=.itext   G=(none)   M=ComObj   ACBP=A9
 0002:00000D48 00000023 C=ICODE    S=.itext   G=(none)   M=AxCtrls  ACBP=A9
 0002:00000D6C 0000001A C=ICODE    S=.itext   G=(none)   M=OleCtrls ACBP=A9
 0002:00000D88 0000001A C=ICODE    S=.itext   G=(none)   M=OleServer ACBP=A9
 0002:00000DA4 0000008C C=ICODE    S=.itext   G=(none)   M=pngimage ACBP=A9
 0002:00000E30 00000033 C=ICODE    S=.itext   G=(none)   M=AppEvnts ACBP=A9
 0002:00000E64 0000012C C=ICODE    S=.itext   G=(none)   M=GIFImg   ACBP=A9
 0002:00000F90 0000000F C=ICODE    S=.itext   G=(none)   M=WideStrings ACBP=A9
 0002:00000FA0 0000001B C=ICODE    S=.itext   G=(none)   M=FMTBcd   ACBP=A9
 0002:00000FBC 0000002C C=ICODE    S=.itext   G=(none)   M=SqlTimSt ACBP=A9
 0002:00000FE8 0000008C C=ICODE    S=.itext   G=(none)   M=DB       ACBP=A9
 0002:00001074 00000052 C=ICODE    S=.itext   G=(none)   M=ADODB    ACBP=A9
 0002:000010C8 00000008 C=ICODE    S=.itext   G=(none)   M=Xiayijian.SystemConfig ACBP=A9
 0002:000010D0 0000003C C=ICODE    S=.itext   G=(none)   M=RzTray   ACBP=A9
 0002:0000110C 00000160 C=ICODE    S=.itext   G=(none)   M=Xiayijian.NetFavorites ACBP=A9
 0003:00000000 000009FC C=DATA     S=.data    G=DGROUP   M=System   ACBP=A9
 0003:000009FC 00000024 C=DATA     S=.data    G=DGROUP   M=SysInit  ACBP=A9
 0003:00000A20 0000000C C=DATA     S=.data    G=DGROUP   M=Windows  ACBP=A9
 0003:00000A2C 00000010 C=DATA     S=.data    G=DGROUP   M=ActiveX  ACBP=A9
 0003:00000A3C 00000100 C=DATA     S=.data    G=DGROUP   M=Character ACBP=A9
 0003:00000B3C 00000300 C=DATA     S=.data    G=DGROUP   M=SysUtils ACBP=A9
 0003:00000E3C 00000110 C=DATA     S=.data    G=DGROUP   M=VarUtils ACBP=A9
 0003:00000F4C 000001E6 C=DATA     S=.data    G=DGROUP   M=Variants ACBP=A9
 0003:00001134 0000000C C=DATA     S=.data    G=DGROUP   M=TypInfo  ACBP=A9
 0003:00001140 00000114 C=DATA     S=.data    G=DGROUP   M=Classes  ACBP=A9
 0003:00001254 00000090 C=DATA     S=.data    G=DGROUP   M=Wincodec ACBP=A9
 0003:000012E4 00000010 C=DATA     S=.data    G=DGROUP   M=IOUtils  ACBP=A9
 0003:000012F4 0000000C C=DATA     S=.data    G=DGROUP   M=IniFiles ACBP=A9
 0003:00001300 00000024 C=DATA     S=.data    G=DGROUP   M=Registry ACBP=A9
 0003:00001324 000003C8 C=DATA     S=.data    G=DGROUP   M=Graphics ACBP=A9
 0003:000016EC 00003720 C=DATA     S=.data    G=DGROUP   M=ZLib     ACBP=A9
 0003:00004E0C 00000458 C=DATA     S=.data    G=DGROUP   M=GraphUtil ACBP=A9
 0003:00005264 00000020 C=DATA     S=.data    G=DGROUP   M=StdCtrls ACBP=A9
 0003:00005284 00000004 C=DATA     S=.data    G=DGROUP   M=Printers ACBP=A9
 0003:00005288 00000020 C=DATA     S=.data    G=DGROUP   M=ExtCtrls ACBP=A9
 0003:000052A8 00000010 C=DATA     S=.data    G=DGROUP   M=ComCtrls ACBP=A9
 0003:000052B8 0000007C C=DATA     S=.data    G=DGROUP   M=Dialogs  ACBP=A9
 0003:00005334 00000144 C=DATA     S=.data    G=DGROUP   M=Menus    ACBP=A9
 0003:00005478 000001BC C=DATA     S=.data    G=DGROUP   M=Controls ACBP=A9
 0003:00005634 00000068 C=DATA     S=.data    G=DGROUP   M=Themes   ACBP=A9
 0003:0000569C 0000003C C=DATA     S=.data    G=DGROUP   M=ImgList  ACBP=A9
 0003:000056D8 00000140 C=DATA     S=.data    G=DGROUP   M=Forms    ACBP=A9
 0003:00005818 000000E8 C=DATA     S=.data    G=DGROUP   M=RzCommon ACBP=A9
 0003:00005900 0000002C C=DATA     S=.data    G=DGROUP   M=Buttons  ACBP=A9
 0003:0000592C 00000006 C=DATA     S=.data    G=DGROUP   M=MaskUtils ACBP=A9
 0003:00005934 0000015C C=DATA     S=.data    G=DGROUP   M=RzCmboBx ACBP=A9
 0003:00005A90 00000018 C=DATA     S=.data    G=DGROUP   M=ExtDlgs  ACBP=A9
 0003:00005AA8 00000230 C=DATA     S=.data    G=DGROUP   M=RzBorder ACBP=A9
 0003:00005CD8 0000004C C=DATA     S=.data    G=DGROUP   M=RzPopups ACBP=A9
 0003:00005D24 0000002C C=DATA     S=.data    G=DGROUP   M=RzButton ACBP=A9
 0003:00005D50 00000030 C=DATA     S=.data    G=DGROUP   M=ComObj   ACBP=A9
 0003:00005D80 0000003C C=DATA     S=.data    G=DGROUP   M=OleCtrls ACBP=A9
 0003:00005DBC 000000D4 C=DATA     S=.data    G=DGROUP   M=SHDocVw  ACBP=A9
 0003:00005E90 00000168 C=DATA     S=.data    G=DGROUP   M=pngimage ACBP=A9
 0003:00005FF8 00000004 C=DATA     S=.data    G=DGROUP   M=AppEvnts ACBP=A9
 0003:00005FFC 00000117 C=DATA     S=.data    G=DGROUP   M=GIFImg   ACBP=A9
 0003:00006114 00000122 C=DATA     S=.data    G=DGROUP   M=FMTBcd   ACBP=A9
 0003:00006238 00000054 C=DATA     S=.data    G=DGROUP   M=SqlTimSt ACBP=A9
 0003:0000628C 00000310 C=DATA     S=.data    G=DGROUP   M=DB       ACBP=A9
 0003:0000659C 00000060 C=DATA     S=.data    G=DGROUP   M=ADOInt   ACBP=A9
 0003:000065FC 00000010 C=DATA     S=.data    G=DGROUP   M=OleDB    ACBP=A9
 0003:0000660C 00000020 C=DATA     S=.data    G=DGROUP   M=Mtx      ACBP=A9
 0003:0000662C 000002CC C=DATA     S=.data    G=DGROUP   M=ADODB    ACBP=A9
 0003:000068F8 0000005C C=DATA     S=.data    G=DGROUP   M=Xiayijian.SystemConfig ACBP=A9
 0003:00006954 00000001 C=DATA     S=.data    G=DGROUP   M=Xiayijian.BaseFormMain ACBP=A9
 0003:00006958 00000004 C=DATA     S=.data    G=DGROUP   M=RzTray   ACBP=A9
 0003:0000695C 00000001 C=DATA     S=.data    G=DGROUP   M=Xiayijian.BaseFormCommon ACBP=A9
 0004:00000000 00002C3C C=BSS      S=.bss     G=DGROUP   M=System   ACBP=A9
 0004:00002C3C 0000000C C=BSS      S=.bss     G=DGROUP   M=SysInit  ACBP=A9
 0004:00002C48 00000008 C=BSS      S=.bss     G=DGROUP   M=Windows  ACBP=A9
 0004:00002C50 0000001C C=BSS      S=.bss     G=DGROUP   M=Character ACBP=A9
 0004:00002C6C 00002240 C=BSS      S=.bss     G=DGROUP   M=SysUtils ACBP=A9
 0004:00004EAC 0000005C C=BSS      S=.bss     G=DGROUP   M=VarUtils ACBP=A9
 0004:00004F08 00000040 C=BSS      S=.bss     G=DGROUP   M=Variants ACBP=A9
 0004:00004F48 00000004 C=BSS      S=.bss     G=DGROUP   M=TypInfo  ACBP=A9
 0004:00004F4C 00000048 C=BSS      S=.bss     G=DGROUP   M=Classes  ACBP=A9
 0004:00004F94 00000014 C=BSS      S=.bss     G=DGROUP   M=TimeSpan ACBP=A9
 0004:00004FA8 00000018 C=BSS      S=.bss     G=DGROUP   M=SyncObjs ACBP=A9
 0004:00004FC0 000000CC C=BSS      S=.bss     G=DGROUP   M=UxTheme  ACBP=A9
 0004:0000508C 00000008 C=BSS      S=.bss     G=DGROUP   M=HelpIntfs ACBP=A9
 0004:00005094 00000031 C=BSS      S=.bss     G=DGROUP   M=MultiMon ACBP=A9
 0004:000050C8 00000024 C=BSS      S=.bss     G=DGROUP   M=IOUtils  ACBP=A9
 0004:000050EC 00000004 C=BSS      S=.bss     G=DGROUP   M=IniFiles ACBP=A9
 0004:000050F0 00000004 C=BSS      S=.bss     G=DGROUP   M=Registry ACBP=A9
 0004:000050F4 00000064 C=BSS      S=.bss     G=DGROUP   M=Graphics ACBP=A9
 0004:00005158 00000010 C=BSS      S=.bss     G=DGROUP   M=GraphUtil ACBP=A9
 0004:00005168 00000004 C=BSS      S=.bss     G=DGROUP   M=Printers ACBP=A9
 0004:0000516C 0000000C C=BSS      S=.bss     G=DGROUP   M=Clipbrd  ACBP=A9
 0004:00005178 00000008 C=BSS      S=.bss     G=DGROUP   M=ExtCtrls ACBP=A9
 0004:00005180 00000010 C=BSS      S=.bss     G=DGROUP   M=ComCtrls ACBP=A9
 0004:00005190 0000000C C=BSS      S=.bss     G=DGROUP   M=Dialogs  ACBP=A9
 0004:0000519C 00000034 C=BSS      S=.bss     G=DGROUP   M=FlatSB   ACBP=A9
 0004:000051D0 00000010 C=BSS      S=.bss     G=DGROUP   M=Menus    ACBP=A9
 0004:000051E0 0000008C C=BSS      S=.bss     G=DGROUP   M=Controls ACBP=A9
 0004:0000526C 0000000C C=BSS      S=.bss     G=DGROUP   M=Themes   ACBP=A9
 0004:00005278 00000008 C=BSS      S=.bss     G=DGROUP   M=ImgList  ACBP=A9
 0004:00005280 00000004 C=BSS      S=.bss     G=DGROUP   M=ActnList ACBP=A9
 0004:00005284 00000028 C=BSS      S=.bss     G=DGROUP   M=Forms    ACBP=A9
 0004:000052AC 00000008 C=BSS      S=.bss     G=DGROUP   M=RzCommon ACBP=A9
 0004:000052B4 00000030 C=BSS      S=.bss     G=DGROUP   M=Buttons  ACBP=A9
 0004:000052E4 00000004 C=BSS      S=.bss     G=DGROUP   M=RzCmboBx ACBP=A9
 0004:000052E8 00000004 C=BSS      S=.bss     G=DGROUP   M=ExtDlgs  ACBP=A9
 0004:000052EC 00000004 C=BSS      S=.bss     G=DGROUP   M=RzBorder ACBP=A9
 0004:000052F0 00000004 C=BSS      S=.bss     G=DGROUP   M=RzPopups ACBP=A9
 0004:000052F4 00000030 C=BSS      S=.bss     G=DGROUP   M=RzButton ACBP=A9
 0004:00005324 00000011 C=BSS      S=.bss     G=DGROUP   M=ComObj   ACBP=A9
 0004:00005338 0000001C C=BSS      S=.bss     G=DGROUP   M=AxCtrls  ACBP=A9
 0004:00005354 00000004 C=BSS      S=.bss     G=DGROUP   M=OleCtrls ACBP=A9
 0004:00005358 00000004 C=BSS      S=.bss     G=DGROUP   M=OleServer ACBP=A9
 0004:0000535C 00000409 C=BSS      S=.bss     G=DGROUP   M=pngimage ACBP=A9
 0004:00005768 00000004 C=BSS      S=.bss     G=DGROUP   M=AppEvnts ACBP=A9
 0004:0000576C 00000008 C=BSS      S=.bss     G=DGROUP   M=GIFImg   ACBP=A9
 0004:00005774 00000008 C=BSS      S=.bss     G=DGROUP   M=RzBmpBtn ACBP=A9
 0004:0000577C 00000008 C=BSS      S=.bss     G=DGROUP   M=WideStrings ACBP=A9
 0004:00005784 00000004 C=BSS      S=.bss     G=DGROUP   M=FMTBcd   ACBP=A9
 0004:00005788 00000004 C=BSS      S=.bss     G=DGROUP   M=SqlTimSt ACBP=A9
 0004:0000578C 00000010 C=BSS      S=.bss     G=DGROUP   M=DB       ACBP=A9
 0004:0000579C 00000008 C=BSS      S=.bss     G=DGROUP   M=ADODB    ACBP=A9
 0004:000057A4 00000040 C=BSS      S=.bss     G=DGROUP   M=Xiayijian.SystemConfig ACBP=A9
 0004:000057E4 0000000C C=BSS      S=.bss     G=DGROUP   M=RzTray   ACBP=A9
 0004:000057F0 00000004 C=BSS      S=.bss     G=DGROUP   M=Xiayijian.FormLogin ACBP=A9
 0004:000057F4 00000004 C=BSS      S=.bss     G=DGROUP   M=Xiayijian.FormMain ACBP=A9
 0004:000057F8 00000014 C=BSS      S=.bss     G=DGROUP   M=Xiayijian.FormSetting ACBP=A9
 0004:0000580C 00000004 C=BSS      S=.bss     G=DGROUP   M=Xiayijian.FormMessageBox ACBP=A9
 0004:00005810 00000014 C=BSS      S=.bss     G=DGROUP   M=Xiayijian.FormImportSync ACBP=A9
 0004:00005824 00000004 C=BSS      S=.bss     G=DGROUP   M=Xiayijian.FormOpenFrame ACBP=A9
 0005:00000000 00000008 C=TLS      S=.tls     G=(none)   M=System   ACBP=A9
 0005:00000008 0000000C C=TLS      S=.tls     G=(none)   M=Classes  ACBP=A9
 0005:00000014 00000004 C=TLS      S=.tls     G=(none)   M=SyncObjs ACBP=A9
 0005:00000018 00000024 C=TLS      S=.tls     G=(none)   M=GraphUtil ACBP=A9


  Address             Publics by Name

 0001:0000C884       ActiveX.CLSIDFromString
 0001:0000C874       ActiveX.CoCreateInstance
 0001:0000C86C       ActiveX.CoGetClassObject
 0001:0000C864       ActiveX.CoGetMalloc
 0001:0000C854       ActiveX.CoInitialize
 0001:0000C894       ActiveX.CoTaskMemFree
 0001:0000C85C       ActiveX.CoUninitialize
 0001:0000C904       ActiveX.CreateErrorInfo
 0001:0000C8C4       ActiveX.CreateStreamOnHGlobal
 0001:0000C8E4       ActiveX.DispGetIDsOfNames
 0001:0000C8EC       ActiveX.GetActiveObject
 0001:0000C8FC       ActiveX.GetErrorInfo
 0003:00000A2C       ActiveX.GUID_NULL
 0001:0000C8BC       ActiveX.IsAccelerator
 0001:0000C844       ActiveX.IsEqualGUID
 0001:0000C84C       ActiveX.IsEqualIID
 0001:0000C8DC       ActiveX.LoadTypeLib
 0001:0000C8B4       ActiveX.OleDraw
 0001:0000C89C       ActiveX.OleInitialize
 0001:0000C8AC       ActiveX.OleSetMenuDescriptor
 0001:0000C8A4       ActiveX.OleUninitialize
 0001:0000C88C       ActiveX.ProgIDFromCLSID
 0001:0000C8F4       ActiveX.SetErrorInfo
 0001:0000C87C       ActiveX.StringFromCLSID
 0001:0000C8CC       ActiveX.SysFreeString
 0001:0000C8D4       ActiveX.SysStringLen
 0004:00005280       ActnList..9
 0001:0009F50C       ActnList..TActionLink
 0001:0009E62C       ActnList..TActionListEnumerator
 0001:0009E324       ActnList..TContainedAction
 0001:0009EED8       ActnList..TCustomAction
 0001:0009E89C       ActnList..TCustomActionList
 0001:0009ECB0       ActnList..TShortCutList
 0002:00000BC0       ActnList.ActnList
 0001:000A060C       ActnList.Finalization
 0001:0009FC54       ActnList.TActionLink.IsCaptionLinked
 0001:0009FC68       ActnList.TActionLink.IsCheckedLinked
 0001:0009FC7C       ActnList.TActionLink.IsEnabledLinked
 0001:0009FC90       ActnList.TActionLink.IsGroupIndexLinked
 0001:0009FCA4       ActnList.TActionLink.IsHelpContextLinked
 0001:0009FCB8       ActnList.TActionLink.IsHelpLinked
 0001:0009FCCC       ActnList.TActionLink.IsHintLinked
 0001:0009FCE0       ActnList.TActionLink.IsImageIndexLinked
 0001:0009FCF4       ActnList.TActionLink.IsShortCutLinked
 0001:0009FD08       ActnList.TActionLink.IsVisibleLinked
 0001:0009FD1C       ActnList.TActionLink.SetAutoCheck
 0001:0009FD20       ActnList.TActionLink.SetCaption
 0001:0009FD24       ActnList.TActionLink.SetChecked
 0001:0009FD28       ActnList.TActionLink.SetEnabled
 0001:0009FD2C       ActnList.TActionLink.SetGroupIndex
 0001:0009FD30       ActnList.TActionLink.SetHelpContext
 0001:0009FD34       ActnList.TActionLink.SetHelpKeyword
 0001:0009FD38       ActnList.TActionLink.SetHelpType
 0001:0009FD3C       ActnList.TActionLink.SetHint
 0001:0009FD40       ActnList.TActionLink.SetImageIndex
 0001:0009FD44       ActnList.TActionLink.SetShortCut
 0001:0009FD48       ActnList.TActionLink.SetVisible
 0001:0009F828       ActnList.TActionListEnumerator.GetCurrent
 0001:0009F614       ActnList.TContainedAction.Destroy
 0001:0009F780       ActnList.TContainedAction.Execute
 0001:0009F648       ActnList.TContainedAction.GetIndex
 0001:0009F664       ActnList.TContainedAction.GetParentComponent
 0001:0009F674       ActnList.TContainedAction.HasParent
 0001:0009F660       ActnList.TContainedAction.IsCategoryStored
 0001:0009F684       ActnList.TContainedAction.ReadState
 0001:0009F72C       ActnList.TContainedAction.SetActionList
 0001:0009F700       ActnList.TContainedAction.SetCategory
 0001:0009F6B8       ActnList.TContainedAction.SetIndex
 0001:0009F754       ActnList.TContainedAction.SetParentComponent
 0001:0009F7D8       ActnList.TContainedAction.Update
 0001:0009FDF8       ActnList.TCustomAction.AssignTo
 0001:0009FD4C       ActnList.TCustomAction.Create
 0001:0009FDA0       ActnList.TCustomAction.Destroy
 0001:000A0484       ActnList.TCustomAction.DoHint
 0001:000A04AC       ActnList.TCustomAction.Execute
 0001:000A0510       ActnList.TCustomAction.GetSecondaryShortCuts
 0001:000A0590       ActnList.TCustomAction.HandleShortCut
 0001:000A056C       ActnList.TCustomAction.IsSecondaryShortCutsStored
 0001:0009FF04       ActnList.TCustomAction.SetAutoCheck
 0001:0009FF64       ActnList.TCustomAction.SetCaption
 0001:0009FFC4       ActnList.TCustomAction.SetChecked
 0001:000A00CC       ActnList.TCustomAction.SetEnabled
 0001:000A0148       ActnList.TCustomAction.SetGroupIndex
 0001:000A0260       ActnList.TCustomAction.SetHelpContext
 0001:000A01F8       ActnList.TCustomAction.SetHelpKeyword
 0001:000A01A0       ActnList.TCustomAction.SetHelpType
 0001:000A02B8       ActnList.TCustomAction.SetHint
 0001:000A0318       ActnList.TCustomAction.SetImageIndex
 0001:000A0438       ActnList.TCustomAction.SetName
 0001:000A0538       ActnList.TCustomAction.SetSecondaryShortCuts
 0001:000A0374       ActnList.TCustomAction.SetShortCut
 0001:000A03D8       ActnList.TCustomAction.SetVisible
 0001:0009FA1C       ActnList.TCustomActionList.AddAction
 0001:0009FA64       ActnList.TCustomActionList.Change
 0001:0009F834       ActnList.TCustomActionList.Create
 0001:0009F8A0       ActnList.TCustomActionList.Destroy
 0001:0009FB70       ActnList.TCustomActionList.ExecuteAction
 0001:0009F970       ActnList.TCustomActionList.GetAction
 0001:0009F984       ActnList.TCustomActionList.GetActionCount
 0001:0009F8F8       ActnList.TCustomActionList.GetChildren
 0001:0009F9C0       ActnList.TCustomActionList.ImageListChange
 0001:0009FACC       ActnList.TCustomActionList.IsShortCut
 0001:0009F9CC       ActnList.TCustomActionList.Notification
 0001:0009FA3C       ActnList.TCustomActionList.RemoveAction
 0001:0009F940       ActnList.TCustomActionList.SetChildOrder
 0001:0009F98C       ActnList.TCustomActionList.SetImages
 0001:0009FBB0       ActnList.TCustomActionList.SetState
 0001:0009FB90       ActnList.TCustomActionList.UpdateAction
 0001:000A059C       ActnList.TShortCutList.Add
 0001:000A05C8       ActnList.TShortCutList.IndexOfShortCut
 0004:0000579C       ADODB..31
 0001:00132C40       ADODB..TADOBlobStream
 0001:0012ED50       ADODB..TADOCommand
 0001:0012D1EC       ADODB..TADOConnection
 0001:00131C44       ADODB..TADODataSet
 0001:001326B8       ADODB..TADOQuery
 0001:0013012C       ADODB..TCustomADODataSet
 0001:0012E584       ADODB..TParameter
 0001:0012E968       ADODB..TParameters
 0001:0012E054       ADODB..TRDSConnection
 0001:00138A10       ADODB.AddFieldDef
 0001:0013FBDC       ADODB.AddFieldToList
 0002:00001074       ADODB.ADODB
 0001:00132F80       ADODB.ADOTypeToFieldType
 0003:000068C4       ADODB.AffectRecordsValues
 0001:0013384C       ADODB.ApplicationHandleException
 0001:001362DC       ADODB.AssignField
 0001:0013635C       ADODB.AssignParam
 0001:001361FC       ADODB.AssignParameter
 0001:00136614       ADODB.AssignToParam
 0001:0013AA10       ADODB.BcdToOleVariant
 0001:0013AA94       ADODB.BufferToVar
 0001:00133F40       ADODB.CheckForAsyncExecute
 0001:0013B610       ADODB.CheckForFlyAway
 0003:0000662C       ADODB.CommandTypeValues
 0003:00006644       ADODB.ConnectModeValues
 0003:00006664       ADODB.ConnectOptionValues
 0001:00132F1C       ADODB.CreateADOObject
 0001:0013A208       ADODB.CurrToBuffer
 0003:0000666C       ADODB.CursorLocationValues
 0003:00006674       ADODB.CursorOptionValues
 0003:000066A8       ADODB.CursorTypeValues
 0003:000066BC       ADODB.DataTypeValues
 0001:001391B4       ADODB.DesignerDataStored
 0001:0013B8F4       ADODB.DoRecordsetDelete
 0003:0000678C       ADODB.EventReasonValues
 0003:000067C8       ADODB.EventStatusValues
 0001:00133398       ADODB.ExecuteOptionsToOrd
 0003:000067DC       ADODB.ExecuteOptionValues
 0001:00134520       ADODB.ExtractCommandType
 0001:00133430       ADODB.ExtractFieldName
 0001:00134178       ADODB.ExtractUserID
 0001:00133808       ADODB.FieldListCheckSum
 0001:00139334       ADODB.FieldValueChanged
 0003:000067EC       ADODB.FilterGroupValues
 0001:0014099C       ADODB.Finalization
 0001:00135DB8       ADODB.GetComponent
 0001:00133484       ADODB.GetFilterStr
 0001:00135008       ADODB.GetFromDataFactory
 0001:001350B0       ADODB.GetFromProperty
 0001:0013EF50       ADODB.GetIdx
 0001:00133330       ADODB.GetStates
 0001:00134258       ADODB.GetUserName
 0004:000057A0       ADODB.GlobalMalloc
 0001:001380F8       ADODB.InitializeConnection
 0001:00137D28       ADODB.InitializeMasterFields
 0001:0013827C       ADODB.InitializeRecordset
 0001:00137880       ADODB.InitParameters
 0001:0013F6D8       ADODB.InMTSTransaction
 0003:00006808       ADODB.IsolationLevelValues
 0001:00136448       ADODB.LoadFromStreamPersist
 0001:001364A8       ADODB.LoadFromStrings
 0003:0000682C       ADODB.LockTypeValues
 0003:00006840       ADODB.MarshalOptionValues
 0001:001393C4       ADODB.MasterFieldsChanged
 0001:00135E74       ADODB.NameDelimiter
 0003:00006848       ADODB.ObjectStateValues
 0001:001332F4       ADODB.OleEnumToOrd
 0001:001333DC       ADODB.OrdToExecuteOptions
 0003:0000685C       ADODB.ParameterAttributeValues
 0003:00006868       ADODB.ParameterDirectionValues
 0001:0013373C       ADODB.PropertyExists
 0003:0000687C       ADODB.RecordStatusValues
 0001:0013A628       ADODB.RefreshBuffers
 0001:001357E4       ADODB.RefreshFromADO
 0001:001354C0       ADODB.RefreshFromOleDB
 0003:000068F4       ADODB.RetCodes
 0001:0013F970       ADODB.SetTableFilter
 0003:000068F0       ADODB.SIsAutoInc
 0001:001331A8       ADODB.StringToVarArray
 0001:00140448       ADODB.TADOBlobStream.Create
 0001:001405B4       ADODB.TADOBlobStream.Destroy
 0001:0014065C       ADODB.TADOBlobStream.ReadBlobData
 0001:001408A4       ADODB.TADOBlobStream.Realloc
 0001:00140980       ADODB.TADOBlobStream.Truncate
 0001:00140970       ADODB.TADOBlobStream.Write
 0001:00137340       ADODB.TADOCommand.Assign
 0001:00137B20       ADODB.TADOCommand.AssignCommandText
 0001:001373C8       ADODB.TADOCommand.CheckCommandText
 0001:00137C18       ADODB.TADOCommand.ClearActiveConnection
 0001:00137590       ADODB.TADOCommand.ComponentLoading
 0001:00137C2C       ADODB.TADOCommand.ConnectionStateChange
 0001:0013720C       ADODB.TADOCommand.Create
 0001:001372F8       ADODB.TADOCommand.Destroy
 0001:001375E8       ADODB.TADOCommand.Execute
 0001:001375AC       ADODB.TADOCommand.Execute
 0001:001375C4       ADODB.TADOCommand.Execute
 0001:00137860       ADODB.TADOCommand.GetActiveConnection
 0001:00137BAC       ADODB.TADOCommand.GetCommandTimeOut
 0001:00137BD4       ADODB.TADOCommand.GetCommandType
 0001:00137CBC       ADODB.TADOCommand.GetPrepared
 0001:00137D08       ADODB.TADOCommand.GetProperties
 0001:00137CE4       ADODB.TADOCommand.GetState
 0001:001376D8       ADODB.TADOCommand.Initialize
 0001:001374B8       ADODB.TADOCommand.OpenConnection
 0001:00137BFC       ADODB.TADOCommand.SetComandType
 0001:00137B84       ADODB.TADOCommand.SetCommandText
 0001:00137BC4       ADODB.TADOCommand.SetCommandTimeOut
 0001:00137C38       ADODB.TADOCommand.SetConnection
 0001:0013743C       ADODB.TADOCommand.SetConnectionFlag
 0001:00137C7C       ADODB.TADOCommand.SetConnectionString
 0001:00137CAC       ADODB.TADOCommand.SetParameters
 0001:00137CD4       ADODB.TADOCommand.SetPrepared
 0001:00133D24       ADODB.TADOConnection.BeginTransComplete
 0001:00133A88       ADODB.TADOConnection.CheckActive
 0001:00133C44       ADODB.TADOConnection.CheckDisconnect
 0001:00133AA8       ADODB.TADOConnection.CheckInactive
 0001:00133AC8       ADODB.TADOConnection.ClearRefs
 0001:00133DA0       ADODB.TADOConnection.CommitTransComplete
 0001:00133E18       ADODB.TADOConnection.ConnectComplete
 0001:00133CA0       ADODB.TADOConnection.ConnectionPoint
 0001:0013386C       ADODB.TADOConnection.Create
 0001:0013398C       ADODB.TADOConnection.Destroy
 0001:00133E90       ADODB.TADOConnection.Disconnect
 0001:00133B70       ADODB.TADOConnection.DoConnect
 0001:00133C14       ADODB.TADOConnection.DoDisconnect
 0001:00133FF4       ADODB.TADOConnection.ExecuteComplete
 0001:00134A3C       ADODB.TADOConnection.GetADODataSet
 0001:00134660       ADODB.TADOConnection.GetAttributes
 0001:00134A34       ADODB.TADOConnection.GetCommandCount
 0001:00134720       ADODB.TADOConnection.GetCommandTimeout
 0001:00134748       ADODB.TADOConnection.GetConnected
 0001:00134848       ADODB.TADOConnection.GetConnectionString
 0001:001348FC       ADODB.TADOConnection.GetConnectionTimeout
 0001:00134960       ADODB.TADOConnection.GetCursorLocation
 0001:00134A74       ADODB.TADOConnection.GetDefaultDatabase
 0001:00134B50       ADODB.TADOConnection.GetErrors
 0001:00134B70       ADODB.TADOConnection.GetInTransaction
 0001:00134B7C       ADODB.TADOConnection.GetIsolationLevel
 0001:00134BEC       ADODB.TADOConnection.GetMode
 0001:00134C48       ADODB.TADOConnection.GetProperties
 0001:00134C68       ADODB.TADOConnection.GetProvider
 0001:00134DAC       ADODB.TADOConnection.GetState
 0001:00134DD4       ADODB.TADOConnection.GetVersion
 0001:00134088       ADODB.TADOConnection.InfoMessage
 0001:00134A5C       ADODB.TADOConnection.IsDefaultDatabaseStored
 0001:00134CF8       ADODB.TADOConnection.IsProviderStored
 0001:00133A44       ADODB.TADOConnection.Loaded
 0001:001349A4       ADODB.TADOConnection.RegisterClient
 0001:00133B10       ADODB.TADOConnection.RollbackTrans
 0001:00134100       ADODB.TADOConnection.RollbackTransComplete
 0001:001346CC       ADODB.TADOConnection.SetAttributes
 0001:00134738       ADODB.TADOConnection.SetCommandTimeout
 0001:0013477C       ADODB.TADOConnection.SetConnectionObject
 0001:00134888       ADODB.TADOConnection.SetConnectionString
 0001:00134914       ADODB.TADOConnection.SetConnectionTimeout
 0001:00134940       ADODB.TADOConnection.SetConnectOptions
 0001:00134988       ADODB.TADOConnection.SetCursorLocation
 0001:00134AD8       ADODB.TADOConnection.SetDefaultDatabase
 0001:00134BC4       ADODB.TADOConnection.SetIsolationLevel
 0001:00134DF4       ADODB.TADOConnection.SetKeepConnection
 0001:00134C14       ADODB.TADOConnection.SetMode
 0001:00134C8C       ADODB.TADOConnection.SetProvider
 0001:001349F0       ADODB.TADOConnection.UnRegisterClient
 0001:00133B3C       ADODB.TADOConnection.WaitForConnectComplete
 0001:001343AC       ADODB.TADOConnection.WillConnect
 0001:00134548       ADODB.TADOConnection.WillExecute
 0001:0013FE9C       ADODB.TADODataSet.DataEvent
 0001:0013FF60       ADODB.TADODataSet.OpenCursor
 0001:001401EC       ADODB.TADODataSet.SetConnection
 0001:00140258       ADODB.TADODataSet.SetDataSetField
 0001:00140214       ADODB.TADODataSet.SetRDSConnection
 0001:0014029C       ADODB.TADOQuery.Create
 0001:00140320       ADODB.TADOQuery.Destroy
 0001:00140358       ADODB.TADOQuery.ExecSQL
 0001:00140430       ADODB.TADOQuery.GetSQL
 0001:001403BC       ADODB.TADOQuery.QueryChanged
 0001:00140438       ADODB.TADOQuery.SetSQL
 0001:0013BA14       ADODB.TCustomADODataSet.ActivateTextFilter
 0001:00139A48       ADODB.TCustomADODataSet.AllocRecordBuffer
 0001:00139880       ADODB.TCustomADODataSet.BookmarkValid
 0001:00138948       ADODB.TCustomADODataSet.CheckActive
 0001:0013896C       ADODB.TCustomADODataSet.CheckFieldCompatibility
 0001:00139F88       ADODB.TCustomADODataSet.ClearCalcFields
 0001:00139938       ADODB.TCustomADODataSet.CompareBookmarks
 0001:0013D6AC       ADODB.TCustomADODataSet.ConnectionPoint
 0001:00137EEC       ADODB.TCustomADODataSet.Create
 0001:0013AF34       ADODB.TCustomADODataSet.CreateBlobStream
 0001:00139158       ADODB.TCustomADODataSet.DataEvent
 0001:0013BAB8       ADODB.TCustomADODataSet.DeactivateFilters
 0001:001389E4       ADODB.TCustomADODataSet.DefChanged
 0001:001391F8       ADODB.TCustomADODataSet.DefineProperties
 0001:00137FE8       ADODB.TCustomADODataSet.Destroy
 0001:0013C19C       ADODB.TCustomADODataSet.DestroyLookupCursor
 0001:00139744       ADODB.TCustomADODataSet.DoOnNewRecord
 0001:0013D578       ADODB.TCustomADODataSet.EnableEvents
 0001:0013DBEC       ADODB.TCustomADODataSet.EndOfRecordset
 0001:0013DC6C       ADODB.TCustomADODataSet.FetchComplete
 0001:0013DCEC       ADODB.TCustomADODataSet.FetchProgress
 0001:0013D7C8       ADODB.TCustomADODataSet.FieldChangeComplete
 0001:0013BF08       ADODB.TCustomADODataSet.FindRecord
 0001:00139A84       ADODB.TCustomADODataSet.FreeRecordBuffer
 0001:0013A02C       ADODB.TCustomADODataSet.GetActiveRecBuf
 0001:0013A1EC       ADODB.TCustomADODataSet.GetBlobFieldData
 0001:0013983C       ADODB.TCustomADODataSet.GetBookmarkData
 0001:00139830       ADODB.TCustomADODataSet.GetBookmarkFlag
 0001:0013DF40       ADODB.TCustomADODataSet.GetCacheSize
 0001:0013B060       ADODB.TCustomADODataSet.GetCanModify
 0001:0013DF9C       ADODB.TCustomADODataSet.GetCommandText
 0001:0013E028       ADODB.TCustomADODataSet.GetCommandTimeout
 0001:0013E040       ADODB.TCustomADODataSet.GetCommandType
 0001:0013E0B0       ADODB.TCustomADODataSet.GetConnection
 0001:0013E1DC       ADODB.TCustomADODataSet.GetConnectionString
 0001:0013E26C       ADODB.TCustomADODataSet.GetCursorLocation
 0001:0013E2DC       ADODB.TCustomADODataSet.GetCursorType
 0001:0013E34C       ADODB.TCustomADODataSet.GetDataSource
 0001:0013FC00       ADODB.TCustomADODataSet.GetDetailLinkFields
 0001:0013E3C4       ADODB.TCustomADODataSet.GetExecuteOptions
 0001:0013A668       ADODB.TCustomADODataSet.GetFieldData
 0001:0013A81C       ADODB.TCustomADODataSet.GetFieldData
 0001:0013A1F4       ADODB.TCustomADODataSet.GetFieldData
 0001:0013BD58       ADODB.TCustomADODataSet.GetFilterGroup
 0001:0013EB88       ADODB.TCustomADODataSet.GetIndexField
 0001:0013EBA0       ADODB.TCustomADODataSet.GetIndexFieldCount
 0001:0013E8A0       ADODB.TCustomADODataSet.GetIndexFieldNames
 0001:0013EE00       ADODB.TCustomADODataSet.GetIndexName
 0001:0013E3E8       ADODB.TCustomADODataSet.GetLockType
 0001:0013E450       ADODB.TCustomADODataSet.GetMarshalOptions
 0001:0013E4D4       ADODB.TCustomADODataSet.GetMasterFields
 0001:0013E574       ADODB.TCustomADODataSet.GetMaxRecords
 0001:0013E5CC       ADODB.TCustomADODataSet.GetParamCheck
 0001:0013E5E4       ADODB.TCustomADODataSet.GetParameters
 0001:0013E604       ADODB.TCustomADODataSet.GetPrepared
 0001:0013E630       ADODB.TCustomADODataSet.GetProperties
 0001:0013DDA4       ADODB.TCustomADODataSet.GetRecNo
 0001:00139DCC       ADODB.TCustomADODataSet.GetRecord
 0001:0013DD7C       ADODB.TCustomADODataSet.GetRecordCount
 0001:0013E730       ADODB.TCustomADODataSet.GetRecordsetState
 0001:00139A40       ADODB.TCustomADODataSet.GetRecordSize
 0001:0013E770       ADODB.TCustomADODataSet.GetRecordStatus
 0001:0013E7D0       ADODB.TCustomADODataSet.GetSort
 0001:0013A844       ADODB.TCustomADODataSet.GetStateFieldValue
 0001:0013B33C       ADODB.TCustomADODataSet.InternalAddRecord
 0001:0013BA0C       ADODB.TCustomADODataSet.InternalCancel
 0001:00138700       ADODB.TCustomADODataSet.InternalClose
 0001:0013B9D8       ADODB.TCustomADODataSet.InternalDelete
 0001:0013B08C       ADODB.TCustomADODataSet.InternalEdit
 0001:0013AF70       ADODB.TCustomADODataSet.InternalFirst
 0001:00139AC8       ADODB.TCustomADODataSet.InternalGetRecord
 0001:001397EC       ADODB.TCustomADODataSet.InternalGotoBookmark
 0001:00139150       ADODB.TCustomADODataSet.InternalHandleException
 0001:00138EA0       ADODB.TCustomADODataSet.InternalInitFieldDefs
 0001:00139F14       ADODB.TCustomADODataSet.InternalInitRecord
 0001:0013B338       ADODB.TCustomADODataSet.InternalInsert
 0001:0013AFFC       ADODB.TCustomADODataSet.InternalLast
 0001:0013865C       ADODB.TCustomADODataSet.InternalOpen
 0001:0013B794       ADODB.TCustomADODataSet.InternalPost
 0001:001387E4       ADODB.TCustomADODataSet.InternalRefresh
 0001:0013883C       ADODB.TCustomADODataSet.InternalRequery
 0001:0013E808       ADODB.TCustomADODataSet.InternalSetSort
 0001:0013980C       ADODB.TCustomADODataSet.InternalSetToRecord
 0001:001389D0       ADODB.TCustomADODataSet.IsCursorOpen
 0001:0013DE74       ADODB.TCustomADODataSet.IsSequenced
 0001:0013809C       ADODB.TCustomADODataSet.Loaded
 0001:0013C974       ADODB.TCustomADODataSet.Locate
 0001:0013C1B8       ADODB.TCustomADODataSet.LocateRecord
 0001:0013C898       ADODB.TCustomADODataSet.Lookup
 0001:001392CC       ADODB.TCustomADODataSet.MasterChanged
 0001:00139310       ADODB.TCustomADODataSet.MasterDisabled
 0001:0013DB54       ADODB.TCustomADODataSet.MoveComplete
 0001:0013846C       ADODB.TCustomADODataSet.OpenCursor
 0001:0013903C       ADODB.TCustomADODataSet.PrepareCursor
 0001:0013DF24       ADODB.TCustomADODataSet.PropertyChanged
 0001:0013F850       ADODB.TCustomADODataSet.PSEndTransaction
 0001:0013F1B4       ADODB.TCustomADODataSet.PSExecute
 0001:0013F1F8       ADODB.TCustomADODataSet.PSExecuteStatement
 0001:0013FB00       ADODB.TCustomADODataSet.PSGetAttributes
 0001:0013FB60       ADODB.TCustomADODataSet.PSGetCommandText
 0001:0013FBB0       ADODB.TCustomADODataSet.PSGetCommandType
 0001:0013F050       ADODB.TCustomADODataSet.PSGetDefaultOrder
 0001:0013FAE8       ADODB.TCustomADODataSet.PSGetIndexDefs
 0001:0013F4BC       ADODB.TCustomADODataSet.PSGetKeyFields
 0001:0013F5F4       ADODB.TCustomADODataSet.PSGetParams
 0001:0013F6C8       ADODB.TCustomADODataSet.PSGetQuoteChar
 0001:0013F630       ADODB.TCustomADODataSet.PSGetTableName
 0001:0013FB08       ADODB.TCustomADODataSet.PSGetUpdateException
 0001:0013F764       ADODB.TCustomADODataSet.PSInTransaction
 0001:0013F910       ADODB.TCustomADODataSet.PSIsSQLBased
 0001:0013FB58       ADODB.TCustomADODataSet.PSIsSQLSupported
 0001:0013F914       ADODB.TCustomADODataSet.PSReset
 0001:0013F91C       ADODB.TCustomADODataSet.PSSetCommandText
 0001:0013FA90       ADODB.TCustomADODataSet.PSSetParams
 0001:0013F790       ADODB.TCustomADODataSet.PSStartTransaction
 0001:0013FB5C       ADODB.TCustomADODataSet.PSUpdateRecord
 0001:00139268       ADODB.TCustomADODataSet.ReadDesignerData
 0001:0013D8F8       ADODB.TCustomADODataSet.RecordChangeComplete
 0001:0013DA28       ADODB.TCustomADODataSet.RecordsetChangeComplete
 0001:0013EBB8       ADODB.TCustomADODataSet.RefreshIndexFields
 0001:001394B0       ADODB.TCustomADODataSet.RefreshParams
 0001:0013B9E0       ADODB.TCustomADODataSet.ReleaseLock
 0001:00138924       ADODB.TCustomADODataSet.Requery
 0001:0013AF5C       ADODB.TCustomADODataSet.SetBlockReadSize
 0001:00139860       ADODB.TCustomADODataSet.SetBookmarkData
 0001:00139838       ADODB.TCustomADODataSet.SetBookmarkFlag
 0001:0013DF74       ADODB.TCustomADODataSet.SetCacheSize
 0001:0013DFB8       ADODB.TCustomADODataSet.SetCommandText
 0001:0013E034       ADODB.TCustomADODataSet.SetCommandTimeout
 0001:0013E060       ADODB.TCustomADODataSet.SetCommandType
 0001:0013E0C4       ADODB.TCustomADODataSet.SetConnection
 0001:001380E0       ADODB.TCustomADODataSet.SetConnectionFlag
 0001:0013E1F8       ADODB.TCustomADODataSet.SetConnectionString
 0001:0013E2B0       ADODB.TCustomADODataSet.SetCursorLocation
 0001:0013E320       ADODB.TCustomADODataSet.SetCursorType
 0001:0013E358       ADODB.TCustomADODataSet.SetDataSource
 0001:001395EC       ADODB.TCustomADODataSet.SetDetailFilter
 0001:0013E3D4       ADODB.TCustomADODataSet.SetExecuteOptions
 0001:0013A9F4       ADODB.TCustomADODataSet.SetFieldData
 0001:0013AD9C       ADODB.TCustomADODataSet.SetFieldData
 0001:0013BC78       ADODB.TCustomADODataSet.SetFiltered
 0001:0013BE60       ADODB.TCustomADODataSet.SetFilterGroup
 0001:0013BB20       ADODB.TCustomADODataSet.SetFilterOptions
 0001:0013BB84       ADODB.TCustomADODataSet.SetFilterText
 0001:0013EA40       ADODB.TCustomADODataSet.SetIndexFieldNames
 0001:0013EEB4       ADODB.TCustomADODataSet.SetIndexName
 0001:0013E42C       ADODB.TCustomADODataSet.SetLockType
 0001:0013E494       ADODB.TCustomADODataSet.SetMarshalOptions
 0001:0013E4F0       ADODB.TCustomADODataSet.SetMasterFields
 0001:0013E5A8       ADODB.TCustomADODataSet.SetMaxRecords
 0001:0013E5D8       ADODB.TCustomADODataSet.SetParamCheck
 0001:0013E5F0       ADODB.TCustomADODataSet.SetParameters
 0001:00139540       ADODB.TCustomADODataSet.SetParamsFromCursor
 0001:0013E61C       ADODB.TCustomADODataSet.SetPrepared
 0001:0013DE20       ADODB.TCustomADODataSet.SetRecNo
 0001:0013E668       ADODB.TCustomADODataSet.SetRecordset
 0001:0013E868       ADODB.TCustomADODataSet.SetSort
 0001:0013DEC0       ADODB.TCustomADODataSet.Supports
 0001:0013CA0C       ADODB.TCustomADODataSet.UpdateIndexDefs
 0001:0013A0EC       ADODB.TCustomADODataSet.UpdateRecordSetPosition
 0001:0013EF20       ADODB.TCustomADODataSet.UpdateStatus
 0001:0013D734       ADODB.TCustomADODataSet.WillChangeField
 0001:0013D860       ADODB.TCustomADODataSet.WillChangeRecord
 0001:0013D994       ADODB.TCustomADODataSet.WillChangeRecordset
 0001:0013DAC0       ADODB.TCustomADODataSet.WillMove
 0001:001392BC       ADODB.TCustomADODataSet.WriteDesignerData
 0001:00136520       ADODB.TParameter.Assign
 0001:001366D0       ADODB.TParameter.AssignTo
 0001:001368F4       ADODB.TParameter.GetAttributes
 0001:00136A40       ADODB.TParameter.GetDataType
 0001:00136B6C       ADODB.TParameter.GetDisplayName
 0001:00136BBC       ADODB.TParameter.GetName
 0001:00136C78       ADODB.TParameter.GetNumericScale
 0001:00136D38       ADODB.TParameter.GetParameter
 0001:00136DA8       ADODB.TParameter.GetParameterDirection
 0001:00136E80       ADODB.TParameter.GetParameters
 0001:00136E84       ADODB.TParameter.GetPrecision
 0001:00136F44       ADODB.TParameter.GetProperties
 0001:00136FA0       ADODB.TParameter.GetSize
 0001:00137060       ADODB.TParameter.GetValue
 0001:00136764       ADODB.TParameter.LoadFromStream
 0001:001369A0       ADODB.TParameter.SetAttributes
 0001:00136B04       ADODB.TParameter.SetDataType
 0001:00136C18       ADODB.TParameter.SetName
 0001:00136CD8       ADODB.TParameter.SetNumericScale
 0001:00136E18       ADODB.TParameter.SetParameterDirection
 0001:00136EE4       ADODB.TParameter.SetPrecision
 0001:00137000       ADODB.TParameter.SetSize
 0001:001370BC       ADODB.TParameter.SetValue
 0001:00135AD4       ADODB.TParameters.AddParameter
 0001:00135AEC       ADODB.TParameters.AppendParameters
 0001:00135C78       ADODB.TParameters.AssignValues
 0001:00135394       ADODB.TParameters.Create_Parameter
 0001:00135D0C       ADODB.TParameters.FindParam
 0001:001360A4       ADODB.TParameters.GetAttr
 0001:001360D8       ADODB.TParameters.GetAttrCount
 0001:001361A0       ADODB.TParameters.GetCommand
 0001:001361C0       ADODB.TParameters.GetItem
 0001:001360E0       ADODB.TParameters.GetItemAttr
 0001:001361D4       ADODB.TParameters.GetParamCollection
 0001:00135A50       ADODB.TParameters.InternalRefresh
 0001:00135DF4       ADODB.TParameters.ParamByName
 0001:00135EA0       ADODB.TParameters.ParseSQL
 0001:00135448       ADODB.TParameters.Refresh
 0001:00135ACC       ADODB.TParameters.Update
 0001:00134EC8       ADODB.TRDSConnection.CheckInactive
 0001:00134EE8       ADODB.TRDSConnection.ClearRefs
 0001:00134E10       ADODB.TRDSConnection.Create
 0001:00134E84       ADODB.TRDSConnection.Destroy
 0001:00134F2C       ADODB.TRDSConnection.DoConnect
 0001:00134FE8       ADODB.TRDSConnection.DoDisconnect
 0001:00134FF4       ADODB.TRDSConnection.GetConnected
 0001:001351FC       ADODB.TRDSConnection.GetRecordset
 0001:001352B0       ADODB.TRDSConnection.SetComputerName
 0001:001352CC       ADODB.TRDSConnection.SetServerName
 0001:0013B364       ADODB.UpdateData
 0003:000068DC       ADODB.ValidDirectionValues
 0001:00140784       ADODB.VarAlloc
 0001:00133298       ADODB.VarDataSize
 0001:0013A250       ADODB.VarToBuffer
 0003:000068D4       ADODB.XactAttributeValues
 0003:000065CC       ADOInt.CLASS_Command
 0003:000065BC       ADOInt.CLASS_Connection
 0003:000065EC       ADOInt.CLASS_DataSpace
 0003:000065DC       ADOInt.CLASS_Recordset
 0003:0000659C       ADOInt.DIID_ConnectionEvents
 0003:000065AC       ADOInt.DIID_RecordsetEvents
 0004:00005768       AppEvnts..3
 0001:000DDE04       AppEvnts..TApplicationEvents
 0001:000DDB00       AppEvnts..TCustomApplicationEvents
 0001:000DE19C       AppEvnts..TMultiCaster
 0002:00000E30       AppEvnts.AppEvnts
 0001:000DF220       AppEvnts.Finalization
 0003:00005FF8       AppEvnts.MultiCaster
 0001:000DE470       AppEvnts.TCustomApplicationEvents.Create
 0001:000DE4BC       AppEvnts.TCustomApplicationEvents.DoActionExecute
 0001:000DE4D0       AppEvnts.TCustomApplicationEvents.DoActionUpdate
 0001:000DE4E4       AppEvnts.TCustomApplicationEvents.DoActivate
 0001:000DE4F8       AppEvnts.TCustomApplicationEvents.DoDeactivate
 0001:000DE50C       AppEvnts.TCustomApplicationEvents.DoException
 0001:000DE53C       AppEvnts.TCustomApplicationEvents.DoHelp
 0001:000DE55C       AppEvnts.TCustomApplicationEvents.DoHint
 0001:000DE5D4       AppEvnts.TCustomApplicationEvents.DoIdle
 0001:000DE5E8       AppEvnts.TCustomApplicationEvents.DoMessage
 0001:000DE5FC       AppEvnts.TCustomApplicationEvents.DoMinimize
 0001:000DE6A4       AppEvnts.TCustomApplicationEvents.DoModalBegin
 0001:000DE6C0       AppEvnts.TCustomApplicationEvents.DoModalEnd
 0001:000DE618       AppEvnts.TCustomApplicationEvents.DoRestore
 0001:000DE678       AppEvnts.TCustomApplicationEvents.DoSettingChange
 0001:000DE634       AppEvnts.TCustomApplicationEvents.DoShortcut
 0001:000DE650       AppEvnts.TCustomApplicationEvents.DoShowHint
 0001:000DE6DC       AppEvnts.TMultiCaster.AddAppEvent
 0001:000DE700       AppEvnts.TMultiCaster.BeginDispatch
 0001:000DE704       AppEvnts.TMultiCaster.Create
 0001:000DE87C       AppEvnts.TMultiCaster.Destroy
 0001:000DE9B8       AppEvnts.TMultiCaster.DoActionExecute
 0001:000DEA34       AppEvnts.TMultiCaster.DoActionUpdate
 0001:000DEAB0       AppEvnts.TMultiCaster.DoActivate
 0001:000DEB24       AppEvnts.TMultiCaster.DoDeactivate
 0001:000DEB98       AppEvnts.TMultiCaster.DoException
 0001:000DEC54       AppEvnts.TMultiCaster.DoHelp
 0001:000DECF4       AppEvnts.TMultiCaster.DoHint
 0001:000DED68       AppEvnts.TMultiCaster.DoIdle
 0001:000DEDE4       AppEvnts.TMultiCaster.DoMessage
 0001:000DEE60       AppEvnts.TMultiCaster.DoMinimize
 0001:000DF138       AppEvnts.TMultiCaster.DoModalBegin
 0001:000DF1AC       AppEvnts.TMultiCaster.DoModalEnd
 0001:000DEED4       AppEvnts.TMultiCaster.DoRestore
 0001:000DF044       AppEvnts.TMultiCaster.DoSettingChange
 0001:000DEF48       AppEvnts.TMultiCaster.DoShortcut
 0001:000DEFC4       AppEvnts.TMultiCaster.DoShowHint
 0001:000DF0C8       AppEvnts.TMultiCaster.EndDispatch
 0001:000DF11C       AppEvnts.TMultiCaster.GetAppEvents
 0001:000DF130       AppEvnts.TMultiCaster.GetCount
 0004:00005338       AxCtrls..02
 0001:000C9684       AxCtrls..TAdapterNotifier
 0001:000C94A8       AxCtrls..TCustomAdapter
 0001:000C9838       AxCtrls..TFontAdapter
 0001:000C9AE8       AxCtrls..TOleGraphic
 0001:000C99E8       AxCtrls..TPictureAdapter
 0002:00000D48       AxCtrls.AxCtrls
 0001:000CB184       AxCtrls.Finalization
 0001:000C9EB0       AxCtrls.GetFontAccess
 0001:000C9F50       AxCtrls.GetOleFont
 0001:000CA008       AxCtrls.GetOlePicture
 0001:000C9F00       AxCtrls.GetPictureAccess
 0001:000C9E84       AxCtrls.HandleException
 0001:000CAC2C       AxCtrls.HIMETRICtoDP
 0001:000CAF7C       AxCtrls.InitOlePro32
 0001:000CAD44       AxCtrls.InvalidOperation
 0001:000CB0D0       AxCtrls.OleCreateFontIndirect
 0001:000CB0EC       AxCtrls.OleCreatePictureIndirect
 0001:000CB114       AxCtrls.OleLoadPicture
 0004:00005340       AxCtrls.OlePro32DLL
 0001:000C9FA0       AxCtrls.SetOleFont
 0001:000CA198       AxCtrls.TAdapterNotifier.Create
 0001:000CA1D4       AxCtrls.TAdapterNotifier.OnChanged
 0001:000CA21C       AxCtrls.TAdapterNotifier.OnRequestEdit
 0001:000CA0D8       AxCtrls.TCustomAdapter.Changed
 0001:000CA0E4       AxCtrls.TCustomAdapter.ConnectOleObject
 0001:000CA058       AxCtrls.TCustomAdapter.Create
 0001:000CA0AC       AxCtrls.TCustomAdapter.Destroy
 0001:000CA168       AxCtrls.TCustomAdapter.ReleaseOleObject
 0001:000CA430       AxCtrls.TFontAdapter.Changed
 0001:000CA228       AxCtrls.TFontAdapter.Create
 0001:000CA5D4       AxCtrls.TFontAdapter.GetOleFont
 0001:000CA740       AxCtrls.TFontAdapter.SetOleFont
 0001:000CA264       AxCtrls.TFontAdapter.Update
 0001:000CAABC       AxCtrls.TOleGraphic.Assign
 0001:000CAAF0       AxCtrls.TOleGraphic.Changed
 0001:000CAAF4       AxCtrls.TOleGraphic.Draw
 0001:000CAC00       AxCtrls.TOleGraphic.GetEmpty
 0001:000CAC74       AxCtrls.TOleGraphic.GetHeight
 0001:000CACA4       AxCtrls.TOleGraphic.GetMMHeight
 0001:000CACC0       AxCtrls.TOleGraphic.GetMMWidth
 0001:000CACDC       AxCtrls.TOleGraphic.GetPalette
 0001:000CACF8       AxCtrls.TOleGraphic.GetTransparent
 0001:000CAD18       AxCtrls.TOleGraphic.GetWidth
 0001:000CAEE4       AxCtrls.TOleGraphic.LoadFromClipboardFormat
 0001:000CAE0C       AxCtrls.TOleGraphic.LoadFromFile
 0001:000CAE10       AxCtrls.TOleGraphic.LoadFromStream
 0001:000CAF30       AxCtrls.TOleGraphic.SaveToClipboardFormat
 0001:000CAE60       AxCtrls.TOleGraphic.SaveToStream
 0001:000CAD5C       AxCtrls.TOleGraphic.SetHeight
 0001:000CADA4       AxCtrls.TOleGraphic.SetPalette
 0001:000CADC4       AxCtrls.TOleGraphic.SetWidth
 0001:000CA7AC       AxCtrls.TPictureAdapter.Create
 0001:000CA874       AxCtrls.TPictureAdapter.GetOlePicture
 0001:000CAAA8       AxCtrls.TPictureAdapter.SetOlePicture
 0001:000CA7E8       AxCtrls.TPictureAdapter.Update
 0004:0000533C       AxCtrls.xParkingWindow
 0004:00005348       AxCtrls._OleCreateFontIndirect
 0004:0000534C       AxCtrls._OleCreatePictureIndirect
 0004:00005344       AxCtrls._OleCreatePropertyFrame
 0004:00005350       AxCtrls._OleLoadPicture
 0004:000052B4       Buttons..5
 0003:00005900       Buttons.BitBtnCaptions
 0004:000052B8       Buttons.BitBtnGlyphs
 0002:00000C68       Buttons.Buttons
 0001:000BDC14       Buttons.DestroyLocals
 0001:000BD9B4       Buttons.DrawButtonFace
 0001:000BDCAC       Buttons.Finalization
 0004:00002C5C       Character.CategoryTable
 0004:00002C54       Character.CatIndexPrimary
 0004:00002C58       Character.CatIndexSecondary
 0004:00002C50       Character.DataTable
 0003:00000A3C       Character.Latin1Categories
 0004:00002C68       Character.NumericValueTable
 0004:00002C60       Character.NumIndexPrimary
 0004:00002C64       Character.NumIndexSecondary
 0001:0000CF14       Character.TCharacter.CheckLetter
 0001:0000CF20       Character.TCharacter.CheckLetterOrDigit
 0001:0000D03C       Character.TCharacter.GetUnicodeCategory
 0001:0000D09C       Character.TCharacter.Initialize
 0001:0000D030       Character.TCharacter.IsAscii
 0001:0000CF30       Character.TCharacter.IsLatin1
 0001:0000CF3C       Character.TCharacter.IsLetter
 0001:0000CFC8       Character.TCharacter.IsLetterOrDigit
 0004:00004F5C       Classes..66
 0001:00029768       Classes..EBitsError
 0001:0002959C       Classes..EClassNotFound
 0001:000298A0       Classes..EComponentError
 0001:000292A4       Classes..EFCreateError
 0001:000293D8       Classes..EFilerError
 0001:000291A8       Classes..EFileStreamError
 0001:00029340       Classes..EFOpenError
 0001:000299E0       Classes..EInvalidOperation
 0001:000296D4       Classes..EListError
 0001:00029940       Classes..EOutOfResources
 0001:00029470       Classes..EReadError
 0001:00029638       Classes..EResNotFound
 0001:0002910C       Classes..EStreamError
 0001:000297FC       Classes..EStringListError
 0001:00030B04       Classes..EThread
 0001:00029504       Classes..EWriteError
 0001:000324AC       Classes..TBasicAction
 0001:00032290       Classes..TBasicActionLink
 0001:0002A788       Classes..TBits
 0001:0002D9A8       Classes..TBytesStream
 0001:0002E41C       Classes..TClassFinder
 0001:0002B00C       Classes..TCollection
 0001:0002AE68       Classes..TCollectionEnumerator
 0001:0002ABFC       Classes..TCollectionItem
 0001:00031948       Classes..TComponent
 0001:0003FB20       Classes..TComponent.FindComponent$ActRec
 0001:000314F0       Classes..TComponentEnumerator
 0001:0002D518       Classes..TCustomMemoryStream
 0001:0002E7F0       Classes..TFiler
 0001:0002D334       Classes..TFileStream
 0001:0002D11C       Classes..THandleStream
 0001:00034150       Classes..TIntConst
 0001:0002AA88       Classes..TInterfacedPersistent
 0001:00029DBC       Classes..TList
 0001:00029BE8       Classes..TListEnumerator
 0001:0002D760       Classes..TMemoryStream
 0001:0002B4A4       Classes..TOwnedCollection
 0001:0002A8C0       Classes..TPersistent
 0001:00038C70       Classes..TPropFixup
 0001:00038E9C       Classes..TPropIntfFixup
 0001:0002F1F0       Classes..TReader
 0001:00032A40       Classes..TRegGroup
 0001:00032EA0       Classes..TRegGroups
 0001:0002DAF0       Classes..TResourceStream
 0001:0002CB20       Classes..TStream
 0001:0002DE70       Classes..TStreamAdapter
 0001:0002C4A4       Classes..TStringList
 0001:0002B844       Classes..TStrings
 0001:0002B69C       Classes..TStringsEnumerator
 0001:00030CF8       Classes..TThread
 0001:0002A4D0       Classes..TThreadList
 0001:000300F8       Classes..TWriter
 0001:000340DC       Classes.ActivateClassGroup
 0003:00001140       Classes.AddDataModule
 0001:000391C8       Classes.AddFinished
 0001:00039200       Classes.AddNotFinished
 0001:00039DB0       Classes.AddSubComponentsToLoaded
 0001:00040B40       Classes.AllocateHWnd
 0001:0003CE6C       Classes.AncestorIsValid
 0003:00001150       Classes.ApplicationHandleException
 0003:00001158       Classes.ApplicationShowException
 0001:000345BC       Classes.BeginGlobalLoading
 0001:0003E8A0       Classes.BinToHex
 0003:00001228       Classes.BlockCode
 0001:00032A04       Classes.Bounds
 0001:000409A0       Classes.CalcJmpOffset
 0001:00039DEC       Classes.CheckSubComponents
 0001:0003EA78       Classes.CheckSynchronize
 0002:0000024C       Classes.Classes
 0001:00033E20       Classes.ClassNotFound
 0001:00040A54       Classes.CleanupInstFreeList
 0001:0003485C       Classes.CollectionsEqual
 0001:00039ECC       Classes.ComponentCreated
 0003:00001178       Classes.Convert
 0003:00001198       Classes.Convert
 0001:00039F4C       Classes.CreateComponent
 0003:00001160       Classes.CreateVCLComObjectProc
 0001:00040BF4       Classes.DeallocateHWnd
 0001:0003E9A0       Classes.DoneThreadSynchronization
 0001:000363A0       Classes.DoWrite
 0001:00034644       Classes.EndGlobalLoading
 0001:00038AA8       Classes.Error
 0001:000339B4       Classes.Error
 0004:00004F88       Classes.ExternalThreads
 0003:0000116C       Classes.FilerSignature
 0001:00040C1C       Classes.Finalization
 0001:0003C5A8       Classes.FindAncestor
 0001:00033EF8       Classes.FindClass
 0001:0003A0FC       Classes.FindExistingComponent
 0001:000344D4       Classes.FindGlobalComponent
 0004:00004F68       Classes.FindGlobalComponentProcs
 0001:00034378       Classes.FindIdentToInt
 0001:000342FC       Classes.FindIntToIdent
 0001:0003D2E0       Classes.FindMethodName
 0001:000390D0       Classes.FindNestedComponent
 0001:0003B178       Classes.FindUniqueName
 0001:0003E9B8       Classes.FreeExternalThreads
 0001:00040900       Classes.FreeIntConstList
 0001:00040A40       Classes.FreeObjectInstance
 0001:00033E8C       Classes.GetClass
 0001:0003D9D4       Classes.GetComponentValue
 0001:000358AC       Classes.GetDesigner
 0001:00033E14       Classes.GetFieldClassTable
 0001:00040A90       Classes.GetFreeInstBlockItemCount
 0004:00004F6C       Classes.GlobalFixupList
 0001:00039248       Classes.GlobalFixupReferences
 0005:00000010       Classes.GlobalLists
 0005:0000000C       Classes.GlobalLoaded
 0004:00004F50       Classes.GlobalNameSpace
 0001:00034070       Classes.GroupDescendentsWith
 0001:0003A90C       Classes.HandleException
 0001:0003E8E0       Classes.HexToBin
 0001:000343F4       Classes.IdentToInt
 0001:000346A0       Classes.InitComponent
 0001:0003472C       Classes.InitInheritedComponent
 0001:0003E96C       Classes.InitThreadSynchronization
 0004:00004F8C       Classes.InstBlockList
 0004:00004F90       Classes.InstFreeList
 0004:00004F60       Classes.IntConstList
 0001:00034538       Classes.InternalReadComponentRes
 0001:00034438       Classes.IntToIdent
 0001:00032A2C       Classes.InvalidPoint
 0001:0003D060       Classes.IsDefault
 0001:0003CEDC       Classes.IsDefaultFloatProp
 0001:0003CF38       Classes.IsDefaultInt64Prop
 0001:0003D204       Classes.IsDefaultInterfaceProp
 0001:0003D338       Classes.IsDefaultMethodProp
 0001:0003D0B8       Classes.IsDefaultObjectProp
 0001:0003CE84       Classes.IsDefaultOrdProp
 0001:0003D470       Classes.IsDefaultPropertyValue
 0001:0003CF90       Classes.IsDefaultStrProp
 0001:0003D138       Classes.IsDefaultValue
 0001:0003D3D8       Classes.IsDefaultVariantProp
 0001:00034514       Classes.IsUniqueGlobalComponentName
 0004:00004F54       Classes.IsUniqueGlobalComponentNameProc
 0001:000409A8       Classes.MakeObjectInstance
 0001:000354FC       Classes.Min
 0001:00040978       Classes.ModuleUnload
 0003:00001170       Classes.NilMethod
 0001:00035950       Classes.NotifyDesigner
 0001:00034614       Classes.NotifyGlobalLoading
 0001:0003D020       Classes.ObjectAncestorMatch
 0001:0003D9BC       Classes.OwnedBy
 0001:000329BC       Classes.Point
 0003:0000120C       Classes.Priorities
 0001:00039588       Classes.PropertyNotFound
 0001:0003A9DC       Classes.PropPathError
 0001:0003957C       Classes.PropValueError
 0001:00034E80       Classes.QuickSort
 0001:000381A0       Classes.RaiseException
 0001:0003BE40       Classes.ReadCustomVariant
 0001:00039564       Classes.ReadError
 0001:00039EEC       Classes.Recover
 0001:000329DC       Classes.Rect
 0004:00004F64       Classes.RegGroups
 0001:00033F18       Classes.RegisterClass
 0001:0003447C       Classes.RegisterFindGlobalComponentProc
 0001:000342D0       Classes.RegisterIntegerConsts
 0001:00040AC0       Classes.ReleaseObjectInstanceBlocks
 0003:00001148       Classes.RemoveDataModule
 0001:0003941C       Classes.RemoveFixupReferences
 0001:000394D0       Classes.RemoveFixups
 0001:00039848       Classes.RemoveGlobalFixup
 0001:0003EA44       Classes.ResetSyncEvent
 0001:00034A64       Classes.ReturnAddr
 0001:0003650C       Classes.ReturnAddr
 0001:0003A05C       Classes.SetCompName
 0001:000395B4       Classes.SetElementValue
 0001:0003AD54       Classes.SetInterfaceReference
 0001:0003AC70       Classes.SetIntIdent
 0001:0003ACB8       Classes.SetObjectIdent
 0001:00039E64       Classes.SetSubComponentState
 0001:0003ACF8       Classes.SetVariantReference
 0001:0003EA6C       Classes.SignalSyncEvent
 0001:0003B954       Classes.SkipBinary
 0001:0003B984       Classes.SkipCollection
 0001:0003B928       Classes.SkipList
 0001:00034008       Classes.StartClassGroup
 0001:00040980       Classes.StdWndProc
 0001:00037FD0       Classes.StringListCompareStrings
 0004:00004F58       Classes.SyncEvent
 0003:00001208       Classes.SyncList
 0001:0004036C       Classes.TBasicAction.Change
 0001:000401F8       Classes.TBasicAction.Create
 0001:0004023C       Classes.TBasicAction.Destroy
 0001:000402D8       Classes.TBasicAction.Execute
 0001:000402A8       Classes.TBasicAction.ExecuteTarget
 0001:000402A4       Classes.TBasicAction.HandlesTarget
 0001:000402AC       Classes.TBasicAction.Notification
 0001:00040380       Classes.TBasicAction.RegisterChanges
 0001:000403CC       Classes.TBasicAction.SetActionComponent
 0001:00040310       Classes.TBasicAction.SetOnExecute
 0001:0004038C       Classes.TBasicAction.UnRegisterChanges
 0001:000402F4       Classes.TBasicAction.Update
 0001:000402D4       Classes.TBasicAction.UpdateTarget
 0001:00040148       Classes.TBasicActionLink.AssignClient
 0001:00040180       Classes.TBasicActionLink.Change
 0001:00040104       Classes.TBasicActionLink.Create
 0001:0004014C       Classes.TBasicActionLink.Destroy
 0001:00040198       Classes.TBasicActionLink.Execute
 0001:000401E0       Classes.TBasicActionLink.IsOnExecuteLinked
 0001:000401B4       Classes.TBasicActionLink.SetAction
 0001:000401E4       Classes.TBasicActionLink.SetOnExecute
 0001:000401EC       Classes.TBasicActionLink.Update
 0001:000354B4       Classes.TBits.Destroy
 0001:000354E4       Classes.TBits.Error
 0001:000355D8       Classes.TBits.OpenBit
 0001:000355AC       Classes.TBits.SetBit
 0001:00035508       Classes.TBits.SetSize
 0001:00038980       Classes.TBytesStream.Create
 0001:000389E4       Classes.TBytesStream.Realloc
 0001:00033C08       Classes.TClassFinder.Create
 0001:00033D48       Classes.TClassFinder.Destroy
 0001:00033D78       Classes.TClassFinder.GetClass
 0001:00035C20       Classes.TCollection.Add
 0001:000360B0       Classes.TCollection.Added
 0001:00035C40       Classes.TCollection.Assign
 0001:00035CE8       Classes.TCollection.BeginUpdate
 0001:00035CEC       Classes.TCollection.Changed
 0001:00035CFC       Classes.TCollection.Clear
 0001:00035B88       Classes.TCollection.Create
 0001:000360B4       Classes.TCollection.Deleting
 0001:00035BD4       Classes.TCollection.Destroy
 0001:00035D64       Classes.TCollection.EndUpdate
 0001:00035D74       Classes.TCollection.GetAttr
 0001:00035D70       Classes.TCollection.GetAttrCount
 0001:00035D84       Classes.TCollection.GetCapacity
 0001:00035DAC       Classes.TCollection.GetCount
 0001:00035DB4       Classes.TCollection.GetItem
 0001:00035D8C       Classes.TCollection.GetItemAttr
 0001:00035DC8       Classes.TCollection.GetNamePath
 0001:00035E7C       Classes.TCollection.GetPropName
 0001:00035FD0       Classes.TCollection.InsertItem
 0001:000360B8       Classes.TCollection.Notify
 0001:000360A4       Classes.TCollection.Owner
 0001:00036038       Classes.TCollection.RemoveItem
 0001:0003608C       Classes.TCollection.SetCapacity
 0001:0003609C       Classes.TCollection.SetItemName
 0001:000360A0       Classes.TCollection.Update
 0001:00035B7C       Classes.TCollectionEnumerator.GetCurrent
 0001:00035A1C       Classes.TCollectionItem.Changed
 0001:000359B4       Classes.TCollectionItem.Create
 0001:000359EC       Classes.TCollectionItem.Destroy
 0001:00035A58       Classes.TCollectionItem.GetDisplayName
 0001:00035A40       Classes.TCollectionItem.GetIndex
 0001:00035A6C       Classes.TCollectionItem.GetNamePath
 0001:00035B18       Classes.TCollectionItem.GetOwner
 0001:00035B1C       Classes.TCollectionItem.SetCollection
 0001:00035B44       Classes.TCollectionItem.SetDisplayName
 0001:00035B4C       Classes.TCollectionItem.SetIndex
 0001:0003FD48       Classes.TComponent.AddSortedComponent
 0001:0003F574       Classes.TComponent.BeforeDestruction
 0001:0003FDFC       Classes.TComponent.ChangeName
 0001:0003F4E0       Classes.TComponent.Create
 0001:0003F920       Classes.TComponent.DefineProperties
 0001:0003F52C       Classes.TComponent.Destroy
 0001:0003F7A4       Classes.TComponent.DestroyComponents
 0001:0003F810       Classes.TComponent.Destroying
 0001:0003FF58       Classes.TComponent.ExecuteAction
 0001:0003FBE4       Classes.TComponent.FindComponent
 0001:0003FBD8       Classes.TComponent.FindComponent$ActRec.$0$Body
 0001:0003FCD0       Classes.TComponent.FindSortedComponent
 0001:0003F5C0       Classes.TComponent.FreeNotification
 0001:0003F9C4       Classes.TComponent.GetChildOwner
 0001:0003F9C8       Classes.TComponent.GetChildParent
 0001:0003F9BC       Classes.TComponent.GetChildren
 0001:0003FFA8       Classes.TComponent.GetComObject
 0001:0003FE50       Classes.TComponent.GetComponent
 0001:0003FE7C       Classes.TComponent.GetComponentCount
 0001:0003FE34       Classes.TComponent.GetComponentIndex
 0001:0003F9CC       Classes.TComponent.GetNamePath
 0001:0003F9E0       Classes.TComponent.GetOwner
 0001:0003F9E8       Classes.TComponent.GetParentComponent
 0001:0003F9B8       Classes.TComponent.HasParent
 0001:0003F654       Classes.TComponent.Insert
 0001:0003F708       Classes.TComponent.InsertComponent
 0001:00040100       Classes.TComponent.IntfGetComponent
 0001:0003FA08       Classes.TComponent.Loaded
 0001:0003F8C0       Classes.TComponent.Notification
 0001:0003FA14       Classes.TComponent.PaletteCreated
 0001:00040080       Classes.TComponent.QueryInterface
 0001:0003F614       Classes.TComponent.ReadLeft
 0001:0003FA18       Classes.TComponent.ReadState
 0001:0003F628       Classes.TComponent.ReadTop
 0001:0003F690       Classes.TComponent.Remove
 0001:0003F76C       Classes.TComponent.RemoveComponent
 0001:0003F8A4       Classes.TComponent.RemoveFreeNotification
 0001:0003F580       Classes.TComponent.RemoveFreeNotifications
 0001:0003F84C       Classes.TComponent.RemoveNotification
 0001:00040060       Classes.TComponent.SafeCallException
 0001:0003F9E4       Classes.TComponent.SetChildOrder
 0001:0003FE8C       Classes.TComponent.SetComponentIndex
 0001:0003FEE0       Classes.TComponent.SetDesigning
 0001:0003FD6C       Classes.TComponent.SetName
 0001:0003F9EC       Classes.TComponent.SetParentComponent
 0001:0003FF30       Classes.TComponent.SetReference
 0001:0003FF80       Classes.TComponent.UpdateAction
 0001:0003F9FC       Classes.TComponent.Updated
 0001:00040078       Classes.TComponent.UpdateRegistry
 0001:0003F9F0       Classes.TComponent.Updating
 0001:0003FAB0       Classes.TComponent.ValidateContainer
 0001:0003FAC4       Classes.TComponent.ValidateInsert
 0001:0003FA28       Classes.TComponent.ValidateRename
 0001:0003F63C       Classes.TComponent.WriteLeft
 0001:0003FA20       Classes.TComponent.WriteState
 0001:0003F648       Classes.TComponent.WriteTop
 0001:000400C0       Classes.TComponent._AddRef
 0001:000400E0       Classes.TComponent._Release
 0001:0003F4D4       Classes.TComponentEnumerator.GetCurrent
 0001:00038784       Classes.TCustomMemoryStream.Read
 0001:000387BC       Classes.TCustomMemoryStream.Seek
 0001:0003877C       Classes.TCustomMemoryStream.SetPointer
 0001:00038BFC       Classes.TFiler.Create
 0001:00038C44       Classes.TFiler.Destroy
 0001:00038C6C       Classes.TFiler.SetRoot
 0001:00038590       Classes.TFileStream.Create
 0001:000385D4       Classes.TFileStream.Create
 0001:00038748       Classes.TFileStream.Destroy
 0001:000384CC       Classes.THandleStream.Create
 0001:00038508       Classes.THandleStream.Read
 0001:00038528       Classes.THandleStream.Seek
 0001:00038568       Classes.THandleStream.SetSize
 0001:00038554       Classes.THandleStream.SetSize
 0001:00038518       Classes.THandleStream.Write
 0004:00004F70       Classes.ThreadLock
 0001:0003EC6C       Classes.ThreadProc
 0001:00034298       Classes.TIntConst.Create
 0001:000357F4       Classes.TInterfacedPersistent.AfterConstruction
 0001:00035884       Classes.TInterfacedPersistent.QueryInterface
 0001:00035844       Classes.TInterfacedPersistent._AddRef
 0001:00035864       Classes.TInterfacedPersistent._Release
 0001:000349A4       Classes.TList.Add
 0001:00034FD4       Classes.TList.Assign
 0001:000349E4       Classes.TList.Clear
 0001:000349FC       Classes.TList.Delete
 0001:00034984       Classes.TList.Destroy
 0001:00034A68       Classes.TList.Error
 0001:00034AA0       Classes.TList.Error
 0001:00034AF4       Classes.TList.Expand
 0001:00034F80       Classes.TList.ExtractItem
 0001:00034B0C       Classes.TList.Get
 0001:00034B30       Classes.TList.Grow
 0001:00034B64       Classes.TList.IndexOf
 0001:00034B88       Classes.TList.IndexOfItem
 0001:00034BB4       Classes.TList.Insert
 0001:00034C2C       Classes.TList.Last
 0001:00034C50       Classes.TList.Move
 0001:00034FD0       Classes.TList.Notify
 0001:00034D2C       Classes.TList.Pack
 0001:00034CA8       Classes.TList.Put
 0001:00034D04       Classes.TList.Remove
 0001:00034D0C       Classes.TList.RemoveItem
 0001:00034DA0       Classes.TList.SetCapacity
 0001:00034DDC       Classes.TList.SetCount
 0001:00034F60       Classes.TList.SortList
 0001:00034978       Classes.TListEnumerator.GetCurrent
 0001:0003880C       Classes.TMemoryStream.Clear
 0001:000387E0       Classes.TMemoryStream.Destroy
 0001:00038824       Classes.TMemoryStream.LoadFromStream
 0001:000388B0       Classes.TMemoryStream.Realloc
 0001:0003885C       Classes.TMemoryStream.SetCapacity
 0001:00038884       Classes.TMemoryStream.SetSize
 0001:00038930       Classes.TMemoryStream.Write
 0001:000360DC       Classes.TOwnedCollection.Create
 0001:00036120       Classes.TOwnedCollection.GetOwner
 0001:0003567C       Classes.TPersistent.Assign
 0001:00035690       Classes.TPersistent.AssignError
 0001:0003574C       Classes.TPersistent.AssignTo
 0001:00035754       Classes.TPersistent.DefineProperties
 0001:00035650       Classes.TPersistent.Destroy
 0001:00035758       Classes.TPersistent.GetNamePath
 0001:000357F0       Classes.TPersistent.GetOwner
 0001:00038F84       Classes.TPropFixup.Create
 0001:00038FDC       Classes.TPropFixup.MakeGlobalReference
 0001:0003903C       Classes.TPropFixup.ResolveReference
 0001:0003904C       Classes.TPropIntfFixup.ResolveReference
 0001:00039608       Classes.TReader.CheckValue
 0001:00039668       Classes.TReader.DefineBinaryProperty
 0001:0003962C       Classes.TReader.DefineProperty
 0001:000395CC       Classes.TReader.Destroy
 0001:000398D0       Classes.TReader.DoFixupReferences
 0001:00039750       Classes.TReader.EndOfList
 0001:00039764       Classes.TReader.Error
 0001:0003BC8C       Classes.TReader.FindAncestorComponent
 0001:0003BD84       Classes.TReader.FindComponentClass
 0001:000397F8       Classes.TReader.FindMethod
 0001:00039788       Classes.TReader.FindMethodInstance
 0001:00039A14       Classes.TReader.FlushBuffer
 0001:00039A38       Classes.TReader.FreeFixups
 0001:00039A74       Classes.TReader.GetFieldClass
 0001:00039B08       Classes.TReader.GetPosition
 0001:00039B20       Classes.TReader.NextValue
 0001:00039B30       Classes.TReader.PropertyError
 0001:00039B44       Classes.TReader.Read
 0001:00039BCC       Classes.TReader.ReadBoolean
 0001:00039B90       Classes.TReader.ReadBuffer
 0001:00039BE0       Classes.TReader.ReadChar
 0001:00039CD4       Classes.TReader.ReadCollection
 0001:0003A1A0       Classes.TReader.ReadComponent
 0001:0003A5E0       Classes.TReader.ReadCurrency
 0001:0003A3E0       Classes.TReader.ReadData
 0001:0003A450       Classes.TReader.ReadDataInner
 0001:0003A630       Classes.TReader.ReadDate
 0001:0003A558       Classes.TReader.ReadDouble
 0001:0003A520       Classes.TReader.ReadFloat
 0001:0003A674       Classes.TReader.ReadIdent
 0001:0003A878       Classes.TReader.ReadInt64
 0001:0003A80C       Classes.TReader.ReadInteger
 0001:0003A8BC       Classes.TReader.ReadListBegin
 0001:0003A8C4       Classes.TReader.ReadListEnd
 0001:0003A8CC       Classes.TReader.ReadPrefix
 0001:0003A9F8       Classes.TReader.ReadProperty
 0001:0003AE14       Classes.TReader.ReadPropValue
 0001:0003B1E0       Classes.TReader.ReadRootComponent
 0001:0003B514       Classes.TReader.ReadSet
 0001:0003B5D0       Classes.TReader.ReadSignature
 0001:0003A59C       Classes.TReader.ReadSingle
 0001:0003B5F4       Classes.TReader.ReadStr
 0001:0003B684       Classes.TReader.ReadString
 0001:0003B8AC       Classes.TReader.ReadValue
 0001:0003C008       Classes.TReader.ReadVariant
 0001:00039C74       Classes.TReader.ReadWideChar
 0001:0003B76C       Classes.TReader.ReadWideString
 0001:0003BD44       Classes.TReader.ReferenceName
 0001:0003BD5C       Classes.TReader.SetName
 0001:0003B8C0       Classes.TReader.SetPosition
 0001:0003BDF8       Classes.TReader.SkipBytes
 0001:0003BBE0       Classes.TReader.SkipComponent
 0001:0003BB98       Classes.TReader.SkipProperty
 0001:0003B8E0       Classes.TReader.SkipSetBody
 0001:0003B9E8       Classes.TReader.SkipValue
 0001:0003337C       Classes.TRegGroup.AddClass
 0001:00033388       Classes.TRegGroup.BestClass
 0001:000333E8       Classes.TRegGroup.BestGroup
 0001:00033458       Classes.TRegGroup.Create
 0001:000334B4       Classes.TRegGroup.Destroy
 0001:000334F4       Classes.TRegGroup.GetClass
 0001:00033544       Classes.TRegGroup.IndexOfClass
 0001:000335BC       Classes.TRegGroup.InGroup
 0001:00033600       Classes.TRegGroup.RegisterClass
 0001:000336B4       Classes.TRegGroup.Registered
 0001:000336CC       Classes.TRegGroup.UnregisterModuleClasses
 0001:0003380C       Classes.TRegGroups.Activate
 0001:00033858       Classes.TRegGroups.Create
 0001:000338CC       Classes.TRegGroups.Destroy
 0001:0003392C       Classes.TRegGroups.FindGroup
 0001:00033970       Classes.TRegGroups.GetClass
 0001:00033A38       Classes.TRegGroups.GroupWith
 0001:00033B0C       Classes.TRegGroups.RegisterClass
 0001:00033B24       Classes.TRegGroups.Registered
 0001:00033B68       Classes.TRegGroups.StartGroup
 0001:00033BB8       Classes.TRegGroups.UnregisterModuleClasses
 0001:00038A50       Classes.TResourceStream.Create
 0001:00038BB4       Classes.TResourceStream.Destroy
 0001:00038B48       Classes.TResourceStream.Initialize
 0001:00038BE4       Classes.TResourceStream.Write
 0001:00038378       Classes.TStream.CopyFrom
 0001:000380B4       Classes.TStream.GetPosition
 0001:000380E8       Classes.TStream.GetSize
 0001:00038308       Classes.TStream.ReadBuffer
 0001:0003846C       Classes.TStream.ReadComponent
 0001:00038298       Classes.TStream.Seek
 0001:00038214       Classes.TStream.Seek
 0001:000380D4       Classes.TStream.SetPosition
 0001:00038134       Classes.TStream.SetSize
 0001:0003814C       Classes.TStream.SetSize
 0001:00038138       Classes.TStream.SetSize64
 0001:00038340       Classes.TStream.WriteBuffer
 0001:000408E8       Classes.TStreamAdapter.Clone
 0001:0004083C       Classes.TStreamAdapter.Commit
 0001:00040634       Classes.TStreamAdapter.CopyTo
 0001:000403F8       Classes.TStreamAdapter.Create
 0001:00040444       Classes.TStreamAdapter.Destroy
 0001:00040854       Classes.TStreamAdapter.LockRegion
 0001:0004047C       Classes.TStreamAdapter.Read
 0001:00040848       Classes.TStreamAdapter.Revert
 0001:0004054C       Classes.TStreamAdapter.Seek
 0001:000405D0       Classes.TStreamAdapter.SetSize
 0001:0004086C       Classes.TStreamAdapter.Stat
 0001:00040860       Classes.TStreamAdapter.UnlockRegion
 0001:000404E4       Classes.TStreamAdapter.Write
 0001:000379E0       Classes.TStringList.Add
 0001:000379F0       Classes.TStringList.AddObject
 0001:00037A54       Classes.TStringList.Changed
 0001:00037A70       Classes.TStringList.Changing
 0001:00037A8C       Classes.TStringList.Clear
 0001:00038038       Classes.TStringList.CompareStrings
 0001:00038054       Classes.TStringList.Create
 0001:00038000       Classes.TStringList.CustomSort
 0001:00037AF4       Classes.TStringList.Delete
 0001:0003795C       Classes.TStringList.Destroy
 0001:00037B74       Classes.TStringList.Exchange
 0001:00037BD0       Classes.TStringList.ExchangeItems
 0001:00037BF4       Classes.TStringList.Find
 0001:00037C78       Classes.TStringList.Get
 0001:00037CA8       Classes.TStringList.GetCapacity
 0001:00037CAC       Classes.TStringList.GetCount
 0001:00037CB0       Classes.TStringList.GetObject
[...]
 0004:00002C88       SysUtils.DateSeparator
 0004:00002C8C       SysUtils.ShortDateFormat
 0004:00002C90       SysUtils.LongDateFormat
 0004:00002C94       SysUtils.TimeSeparator
 0004:00002C98       SysUtils.TimeAMString
 0004:00002C9C       SysUtils.TimePMString
 0004:00002CA0       SysUtils.ShortTimeFormat
 0004:00002CA4       SysUtils.LongTimeFormat
 0004:00002CA8       SysUtils.ShortMonthNames
 0004:00002CD8       SysUtils.LongMonthNames
 0004:00002D08       SysUtils.ShortDayNames
 0004:00002D24       SysUtils.LongDayNames
 0004:00002D40       SysUtils.SysLocale
 0004:00002D4E       SysUtils.ListSeparator
 0004:00002D50       SysUtils.EraNames
 0004:00002D6C       SysUtils.EraYearOffsets
 0004:00002D88       SysUtils.TrueBoolStrs
 0004:00002D8C       SysUtils.FalseBoolStrs
 0004:00002D90       SysUtils.TEncoding.FASCIIEncoding
 0004:00002D94       SysUtils.TEncoding.FBigEndianUnicodeEncoding
 0004:00002D98       SysUtils.TEncoding.FDefaultEncoding
 0004:00002D9C       SysUtils.TEncoding.FUnicodeEncoding
 0004:00002DA0       SysUtils.TEncoding.FUTF7Encoding
 0004:00002DA4       SysUtils.TEncoding.FUTF8Encoding
 0004:00002DA8       SysUtils.TEncoding.$ClassInitFlag
 0004:00002DAC       SysUtils..76
 0004:00002DB0       SysUtils.OutOfMemory
 0004:00002DB4       SysUtils.InvalidPointer
 0004:00002DB8       SysUtils.SyncEventCache
 0004:00002EB8       SysUtils.EventCache
 0004:00002EBC       SysUtils.EventItemHolders
 0004:00002EC0       SysUtils.ValidatedUnitHashBuckets
 0004:00003EB4       SysUtils.UnitHashBuckets
 0004:00004EA8       SysUtils.LanguageArray
 0004:00004EAC       VarUtils.VariantChangeTypeEx
 0004:00004EB0       VarUtils.VarNeg
 0004:00004EB4       VarUtils.VarNot
 0004:00004EB8       VarUtils.VarAdd
 0004:00004EBC       VarUtils.VarSub
 0004:00004EC0       VarUtils.VarMul
 0004:00004EC4       VarUtils.VarDiv
 0004:00004EC8       VarUtils.VarIDiv
 0004:00004ECC       VarUtils.VarMod
 0004:00004ED0       VarUtils.VarAnd
 0004:00004ED4       VarUtils.VarOr
 0004:00004ED8       VarUtils.VarXor
 0004:00004EDC       VarUtils.VarCmp
 0004:00004EE0       VarUtils.VarI4FromStr
 0004:00004EE4       VarUtils.VarR4FromStr
 0004:00004EE8       VarUtils.VarR8FromStr
 0004:00004EEC       VarUtils.VarDateFromStr
 0004:00004EF0       VarUtils.VarCyFromStr
 0004:00004EF4       VarUtils.VarBoolFromStr
 0004:00004EF8       VarUtils.VarBstrFromCy
 0004:00004EFC       VarUtils.VarBstrFromDate
 0004:00004F00       VarUtils.VarBstrFromBool
 0004:00004F04       VarUtils..5
 0004:00004F08       Variants.EmptyParam
 0004:00004F18       Variants.VarDispProc
 0004:00004F1C       Variants.ClearAnyProc
 0004:00004F20       Variants.ChangeAnyProc
 0004:00004F24       Variants.RefAnyProc
 0004:00004F28       Variants..81
 0004:00004F2C       Variants.LVarTypes
 0004:00004F30       Variants.LVarTypeSync
 0004:00004F48       TypInfo..5
 0004:00004F4C       Classes.TThread.$ClassInitFlag
 0004:00004F50       Classes.GlobalNameSpace
 0004:00004F54       Classes.IsUniqueGlobalComponentNameProc
 0004:00004F58       Classes.SyncEvent
 0004:00004F5C       Classes..66
 0004:00004F60       Classes.IntConstList
 0004:00004F64       Classes.RegGroups
 0004:00004F68       Classes.FindGlobalComponentProcs
 0004:00004F6C       Classes.GlobalFixupList
 0004:00004F70       Classes.ThreadLock
 0004:00004F88       Classes.ExternalThreads
 0004:00004F8C       Classes.InstBlockList
 0004:00004F90       Classes.InstFreeList
 0004:00004F94       TimeSpan.TTimeSpan.$ClassInitFlag
 0004:00004F98       TimeSpan.TTimeSpan.FMinValue
 0004:00004FA0       TimeSpan.TTimeSpan.FMaxValue
 0004:00004FA8       SyncObjs..01
 0004:00004FAC       SyncObjs.CoWaitForMultipleHandlesProc
 0004:00004FB0       SyncObjs.InitializeConditionVariableProc
 0004:00004FB4       SyncObjs.SleepConditionVariableCSProc
 0004:00004FB8       SyncObjs.WakeConditionVariableProc
 0004:00004FBC       SyncObjs.WakeAllConditionVariableProc
 0004:00004FC0       UxTheme.OpenThemeData
 0004:00004FC4       UxTheme.CloseThemeData
 0004:00004FC8       UxTheme.DrawThemeBackground
 0004:00004FCC       UxTheme.DrawThemeText
 0004:00004FD0       UxTheme.GetThemeBackgroundContentRect
 0004:00004FD4       UxTheme.GetThemeBackgroundExtent
 0004:00004FD8       UxTheme.GetThemePartSize
 0004:00004FDC       UxTheme.GetThemeTextExtent
 0004:00004FE0       UxTheme.GetThemeTextMetrics
 0004:00004FE4       UxTheme.GetThemeBackgroundRegion
 0004:00004FE8       UxTheme.HitTestThemeBackground
 0004:00004FEC       UxTheme.DrawThemeEdge
 0004:00004FF0       UxTheme.DrawThemeIcon
 0004:00004FF4       UxTheme.IsThemePartDefined
 0004:00004FF8       UxTheme.IsThemeBackgroundPartiallyTransparent
 0004:00004FFC       UxTheme.GetThemeColor
 0004:00005000       UxTheme.GetThemeMetric
 0004:00005004       UxTheme.GetThemeString
 0004:00005008       UxTheme.GetThemeBool
 0004:0000500C       UxTheme.GetThemeInt
 0004:00005010       UxTheme.GetThemeEnumValue
 0004:00005014       UxTheme.GetThemePosition
 0004:00005018       UxTheme.GetThemeFont
 0004:0000501C       UxTheme.GetThemeRect
 0004:00005020       UxTheme.GetThemeMargins
 0004:00005024       UxTheme.GetThemeIntList
 0004:00005028       UxTheme.GetThemePropertyOrigin
 0004:0000502C       UxTheme.SetWindowTheme
 0004:00005030       UxTheme.GetThemeFilename
 0004:00005034       UxTheme.GetThemeSysColor
 0004:00005038       UxTheme.GetThemeSysColorBrush
 0004:0000503C       UxTheme.GetThemeSysBool
 0004:00005040       UxTheme.GetThemeSysSize
 0004:00005044       UxTheme.GetThemeSysFont
 0004:00005048       UxTheme.GetThemeSysString
 0004:0000504C       UxTheme.GetThemeSysInt
 0004:00005050       UxTheme.IsThemeActive
 0004:00005054       UxTheme.IsAppThemed
 0004:00005058       UxTheme.GetWindowTheme
 0004:0000505C       UxTheme.EnableThemeDialogTexture
 0004:00005060       UxTheme.IsThemeDialogTextureEnabled
 0004:00005064       UxTheme.GetThemeAppProperties
 0004:00005068       UxTheme.SetThemeAppProperties
 0004:0000506C       UxTheme.GetCurrentThemeName
 0004:00005070       UxTheme.GetThemeDocumentationProperty
 0004:00005074       UxTheme.DrawThemeParentBackground
 0004:00005078       UxTheme.EnableTheming
 0004:0000507C       UxTheme..1
 0004:00005080       UxTheme.ThemeLibrary
 0004:00005084       UxTheme.ReferenceCount
 0004:00005088       UxTheme.Lock
 0004:0000508C       HelpIntfs..2
 0004:00005090       HelpIntfs.HelpManager
 0004:00005094       MultiMon.GetSystemMetrics
 0004:00005098       MultiMon.MonitorFromWindow
 0004:0000509C       MultiMon.MonitorFromRect
 0004:000050A0       MultiMon.MonitorFromPoint
 0004:000050A4       MultiMon.GetMonitorInfo
 0004:000050A8       MultiMon.GetMonitorInfoA
 0004:000050AC       MultiMon.GetMonitorInfoW
 0004:000050B0       MultiMon.EnumDisplayMonitors
 0004:000050B4       MultiMon..1
 0004:000050B8       MultiMon.User32Dll
 0004:000050BC       MultiMon.InitApis
 0004:000050C4       MultiMon.MMAvailable
 0004:000050C8       IOUtils.TPath.FAltDirectorySeparatorChar
 0004:000050CA       IOUtils.TPath.FDirectorySeparatorChar
 0004:000050CC       IOUtils.TPath.FPathSeparator
 0004:000050CE       IOUtils.TPath.FVolumeSeparatorChar
 0004:000050D0       IOUtils.TPath.FExtensionSeparatorChar
 0004:000050D4       IOUtils.TPath.FInvalidPathChars
 0004:000050D8       IOUtils.TPath.FInvalidFileNameChars
 0004:000050DC       IOUtils.TPath.FPathWildcardChars
 0004:000050E0       IOUtils.TPath.FFileNameWildCardChars
 0004:000050E4       IOUtils.TPath.$ClassInitFlag
 0004:000050E8       IOUtils..1
 0004:000050EC       IniFiles..7
 0004:000050F0       Registry..5
 0004:000050F4       Graphics.TWICImage.FImagingFactory
 0004:000050F8       Graphics.SystemPalette16
 0004:000050FC       Graphics..32
 0004:00005100       Graphics.ScreenLogPixels
 0004:00005104       Graphics.StockPen
 0004:00005108       Graphics.StockBrush
 0004:0000510C       Graphics.StockFont
 0004:00005110       Graphics.StockIcon
 0004:00005114       Graphics.BitmapImageLock
 0004:0000512C       Graphics.CounterLock
 0004:00005144       Graphics.FontManager
 0004:00005148       Graphics.PenManager
 0004:0000514C       Graphics.BrushManager
 0004:00005150       Graphics.CanvasList
 0004:00005154       Graphics.PatternManager
 0004:00005158       GraphUtil..2
 0004:0000515C       GraphUtil.MsImgHandle
 0004:00005160       GraphUtil.MsImgInitialized
 0004:00005164       GraphUtil.GradientFillFunc
 0004:00005168       Printers..3
 0004:0000516C       Clipbrd.CF_PICTURE
 0004:0000516E       Clipbrd.CF_COMPONENT
 0004:00005170       Clipbrd..3
 0004:00005174       Clipbrd.FClipboard
 0004:00005178       ExtCtrls.TCustomTrayIcon.RM_TaskbarCreated
 0004:0000517C       ExtCtrls..94
 0004:00005180       ComCtrls..96
 0004:00005184       ComCtrls.ConversionFormatList
 0004:00005188       ComCtrls.ShellModule
 0004:0000518C       ComCtrls.FRichEditModule
 0004:00005190       Dialogs..03
 0004:00005194       Dialogs.HelpMsg
 0004:00005198       Dialogs.FindMsg
 0004:0000519C       FlatSB.FlatSB_EnableScrollBar
 0004:000051A0       FlatSB.FlatSB_ShowScrollBar
 0004:000051A4       FlatSB.FlatSB_GetScrollRange
 0004:000051A8       FlatSB.FlatSB_GetScrollInfo
 0004:000051AC       FlatSB.FlatSB_GetScrollPos
 0004:000051B0       FlatSB.FlatSB_SetScrollPos
 0004:000051B4       FlatSB.FlatSB_SetScrollInfo
 0004:000051B8       FlatSB.FlatSB_SetScrollRange
 0004:000051BC       FlatSB..1
 0004:000051C0       FlatSB._FlatSB_GetScrollProp
 0004:000051C4       FlatSB._FlatSB_SetScrollProp
 0004:000051C8       FlatSB._InitializeFlatSB
 0004:000051CC       FlatSB._UninitializeFlatSB
 0004:000051D0       Menus.PopupList
 0004:000051D4       Menus.ShortCutItems
 0004:000051D8       Menus..01
 0004:000051DC       Menus.CommandPool
 0004:000051E0       Controls.Mouse
 0004:000051E4       Controls.IsVCLControlHook
 0004:000051EC       Controls.NewStyleControls
 0004:000051F0       Controls..44
 0004:000051F4       Controls.WindowAtom
 0004:000051F6       Controls.ControlAtom
 0004:000051F8       Controls.WindowAtomString
 0004:000051FC       Controls.ControlAtomString
 0004:00005200       Controls.RM_GetObjectInstance
 0004:00005204       Controls.DragControl
 0004:00005208       Controls.DragObject
 0004:0000520C       Controls.DragInternalObject
 0004:00005210       Controls.DragCapture
 0004:00005214       Controls.DragStartPos
 0004:0000521C       Controls.DragSaveCursor
 0004:00005220       Controls.DragThreshold
 0004:00005224       Controls.ActiveDrag
 0004:00005228       Controls.DragImageList
 0004:0000522C       Controls.DockSiteList
 0004:00005230       Controls.QualifyingSites
 0004:00005234       Controls.DragSave
 0004:00005238       Controls.CanvasList
 0004:0000523C       Controls.FlagControl
 0004:00005240       Controls._WINNLSEnableIME
 0004:00005244       Controls._ImmGetContext
 0004:00005248       Controls._ImmReleaseContext
 0004:0000524C       Controls._ImmGetConversionStatus
 0004:00005250       Controls._ImmSetConversionStatus
 0004:00005254       Controls._ImmSetOpenStatus
 0004:00005258       Controls._ImmSetCompositionWindow
 0004:0000525C       Controls._ImmSetCompositionFont
 0004:00005260       Controls._ImmGetCompositionString
 0004:00005264       Controls._ImmIsIME
 0004:00005268       Controls._ImmNotifyIME
 0004:0000526C       Themes..2
 0004:00005270       Themes.InternalServices
 0004:00005274       Themes.RM_UnthemedDesigner
 0004:00005278       ImgList.CachedComCtrlVer
 0004:0000527C       ImgList.ImageListWriteExProc
 0004:00005280       ActnList..9
 0004:00005284       Forms.Application
 0004:00005288       Forms.Screen
 0004:0000528C       Forms..51
 0004:00005290       Forms.RM_TaskbarCreated
 0004:00005294       Forms.HintThreadID
 0004:00005298       Forms.HintDoneEvent
 0004:0000529C       Forms.HintHook
 0004:000052A0       Forms.HintThread
 0004:000052A4       Forms.IdleTimerHandle
 0004:000052A8       Forms.IdleTimerDelegate
 0004:000052AC       RzCommon.CurrentXPColorScheme
 0004:000052AD       RzCommon.FullColorSupported
 0004:000052B0       RzCommon..31
 0004:000052B4       Buttons..5
 0004:000052B8       Buttons.BitBtnGlyphs
 0004:000052E4       RzCmboBx..31
 0004:000052E8       ExtDlgs..6
 0004:000052EC       RzBorder..6
 0004:000052F0       RzPopups..01
 0004:000052F4       RzButton..31
 0004:000052F8       RzButton.BitBtnGlyphs
 0004:00005324       ComObj..41
 0004:00005328       ComObj.OleUninitializing
 0004:0000532C       ComObj.ComClassManagerVar
 0004:00005330       ComObj.SaveInitProc
 0004:00005334       ComObj.NeedToUninitialize
 0004:00005338       AxCtrls..02
 0004:0000533C       AxCtrls.xParkingWindow
 0004:00005340       AxCtrls.OlePro32DLL
 0004:00005344       AxCtrls._OleCreatePropertyFrame
 0004:00005348       AxCtrls._OleCreateFontIndirect
 0004:0000534C       AxCtrls._OleCreatePictureIndirect
 0004:00005350       AxCtrls._OleLoadPicture
 0004:00005354       OleCtrls..5
 0004:00005358       OleServer..3
 0004:0000535C       pngimage..83
 0004:00005360       pngimage.ChunkClasses
 0004:00005364       pngimage.crc_table
 0004:00005764       pngimage.crc_table_computed
 0004:00005768       AppEvnts..3
 0004:0000576C       GIFImg..82
 0004:00005770       GIFImg.DesktopDC
 0004:00005774       RzBmpBtn.Pattern
 0004:00005778       RzBmpBtn.BmpButtonCount
 0004:0000577C       WideStrings..4
 0004:00005780       WideStrings.CharNextW
 0004:00005784       FMTBcd..3
 0004:00005788       SqlTimSt..1
 0004:0000578C       DB.LoginDialogExProc
 0004:00005790       DB.DBScreen
 0004:00005794       DB.DBApplication
 0004:00005798       DB..57
 0004:0000579C       ADODB..31
 0004:000057A0       ADODB.GlobalMalloc
 0004:000057A4       Xiayijian.SystemConfig.DEF_INFO_FRAME
 0004:000057B8       Xiayijian.SystemConfig.PngSettingOff
 0004:000057BC       Xiayijian.SystemConfig.PngSettingOn
 0004:000057C0       Xiayijian.SystemConfig.PngSettingDown
 0004:000057C4       Xiayijian.SystemConfig.PngMinOn
 0004:000057C8       Xiayijian.SystemConfig.PngMinOff
 0004:000057CC       Xiayijian.SystemConfig.PngMinDown
 0004:000057D0       Xiayijian.SystemConfig.PngCloseOn
 0004:000057D4       Xiayijian.SystemConfig.PngCloseDown
 0004:000057D8       Xiayijian.SystemConfig.PngCloseOff
 0004:000057DC       Xiayijian.SystemConfig.PngTitle
 0004:000057E0       Xiayijian.SystemConfig..2
 0004:000057E4       RzTray..3
 0004:000057E8       RzTray.wm_TaskbarCreated
 0004:000057EC       RzTray.DLLGetVersion
 0004:000057F0       Xiayijian.FormLogin.frmLogin
 0004:000057F4       Xiayijian.FormMain.frmMain
 0004:000057F8       Xiayijian.FormSetting.frmSetting
 0004:000057FC       Xiayijian.FormSetting.BmpDisabledS
 0004:00005800       Xiayijian.FormSetting.BmpDownS
 0004:00005804       Xiayijian.FormSetting.BmpOnS
 0004:00005808       Xiayijian.FormSetting.BmpOutS
 0004:0000580C       Xiayijian.FormMessageBox.frmMessageBox
 0004:00005810       Xiayijian.FormImportSync.frmImportSync
 0004:00005814       Xiayijian.FormImportSync.BmpDisabledL
 0004:00005818       Xiayijian.FormImportSync.BmpDownL
 0004:0000581C       Xiayijian.FormImportSync.BmpOnL
 0004:00005820       Xiayijian.FormImportSync.BmpOutL
 0004:00005824       Xiayijian.FormOpenFrame.frmOpenFrame
 0005:00000000       System.RaiseListPtr
 0005:00000004       System.InOutRes
 0005:00000008       Classes.TThread.FCurrentThread
 0005:0000000C       Classes.GlobalLoaded
 0005:00000010       Classes.GlobalLists
 0005:00000014       SyncObjs.OleThreadWnd
 0005:00000018       GraphUtil.CachedHighlightLum
 0005:0000001C       GraphUtil.CachedHighlightColor
 0005:00000020       GraphUtil.CachedHighlight
 0005:00000024       GraphUtil.CachedShadowLum
 0005:00000028       GraphUtil.CachedShadowColor
 0005:0000002C       GraphUtil.CachedShadow
 0005:00000030       GraphUtil.CachedColorValue
 0005:00000034       GraphUtil.CachedLumValue
 0005:00000038       GraphUtil.CachedColorAdjustLuma
 0005:0000003C       SysInit.TlsLast


Line numbers for Xiayijian.IntfDocHostUIHandler(IntfDocHostUIHandler.pas) segment .text

   358 0001:00000000

Line numbers for Xiayijian.UNulContainer(UNulContainer.pas) segment .text

    80 0001:000F5E90    81 0001:000F5EB8    82 0001:000F5ED0    83 0001:000F5ED9
    84 0001:000F5EDC    85 0001:000F5EFC    88 0001:000F5FC4    89 0001:000F5FCF
    90 0001:000F5FD8    91 0001:000F5FE4    94 0001:000F5FF4    96 0001:000F5FF7
    97 0001:000F5FF9   101 0001:000F6000   104 0001:000F600E   105 0001:000F6016
   106 0001:000F601B   112 0001:000F6020   115 0001:000F602E   116 0001:000F6036
   117 0001:000F603B   121 0001:000F6040   124 0001:000F604E   125 0001:000F6056
   126 0001:000F605B   129 0001:000F6060   132 0001:000F606E   133 0001:000F6076
   134 0001:000F607B   137 0001:000F6080   139 0001:000F6083   140 0001:000F6085
   145 0001:000F608C   148 0001:000F609A   149 0001:000F60A2   150 0001:000F60A7
   154 0001:000F60AC   157 0001:000F60AF   158 0001:000F60B4   161 0001:000F60B8
   163 0001:000F60BB   164 0001:000F60BD   168 0001:000F60C4   170 0001:000F60C7
   171 0001:000F60C9   175 0001:000F60D0   177 0001:000F60D3   178 0001:000F60D5
   183 0001:000F60DC   185 0001:000F60DF   186 0001:000F60E1   189 0001:000F60E8
   190 0001:000F60EF   191 0001:000F6100   193 0001:000F6104   194 0001:000F6109
   199 0001:000F6110   201 0001:000F6113   202 0001:000F6118   206 0001:000F611C
   208 0001:000F611F   209 0001:000F6124   213 0001:000F6128   215 0001:000F612B
   216 0001:000F612D   222 0001:000F6134   223 0001:000F6151   224 0001:000F6184
   227 0001:000F61AC   230 0001:000F61C2   231 0001:000F61CC   236 0001:000F6318
   239 0001:000F631B   240 0001:000F6320   245 0001:000F6324   247 0001:000F6327
   248 0001:000F6329   254 0001:000F6330   256 0001:000F6333   257 0001:000F6335
   261 0001:000F633C   263 0001:000F633F   264 0001:000F6344   268 0001:000F6348
   270 0001:000F634B   271 0001:000F6350   274 0001:000F6354   276 0001:000F6357
   277 0001:000F6359   280 0001:000F6360   281 0001:000F6363   282 0001:000F6366
   285 0001:000F636C   286 0001:000F636F   287 0001:000F6372   289 0001:000F637D

Line numbers for Xiayijian.UExternalContainer(UExternalContainer.pas) segment .text

    38 0001:00140CD4    39 0001:00140CEF    40 0001:00140CF9    41 0001:00140D07
    42 0001:00140D42    45 0001:00140D4F    48 0001:00140D74    49 0001:00140D86
    50 0001:00140D91    51 0001:00140D93    53 0001:00140D9F

Line numbers for Xiayijian.UMyExternal(UMyExternal.pas) segment .text

    46 0001:0014A7AC    48 0001:0014A7D5    50 0001:0014A7EA    52 0001:0014A806
    56 0001:0014A817    59 0001:0014A874    61 0001:0014A87F    62 0001:0014A88B
    65 0001:0014A89C    67 0001:0014A8B3    68 0001:0014A8BB    70 0001:0014A8C0
    75 0001:0014A8DC    77 0001:0014A8F3    78 0001:0014A900    79 0001:0014A90B
    80 0001:0014A916    81 0001:0014A921    83 0001:0014A931    84 0001:0014A936
    88 0001:0014A954    89 0001:0014A96B    90 0001:0014A970    94 0001:0014A98C
    95 0001:0014A9A3    96 0001:0014A9A8   100 0001:0014A9C4   101 0001:0014A9DB
   103 0001:0014A9E3   107 0001:0014AA00   109 0001:0014AA17   110 0001:0014AA1F
   111 0001:0014AA24   116 0001:0014AA46

Bound resource files

c:\program files\embarcadero\rad studio\7.0\lib\Character.res
c:\program files\embarcadero\rad studio\7.0\lib\controls.res
c:\program files\embarcadero\rad studio\7.0\lib\buttons.res
C:\Program Files\Raize\RC6\Lib\RS2010\RzCmboBx.res
C:\Program Files\Raize\RC6\Lib\RS2010\RzCommonBitmaps.res
c:\program files\embarcadero\rad studio\7.0\lib\extdlgs.res
C:\Program Files\Raize\RC6\Lib\RS2010\RzCommonCursors.res
C:\Program Files\Raize\RC6\Lib\RS2010\RzToolbarForm.dfm
BaseFormMain.dfm
FormLogin.dfm
FormMain.dfm
BaseFormCommon.dfm
FormSetting.dfm
FormMessageBox.dfm
FrameImportSyncStepOne.dfm
FrameImportSyncStepTwo.dfm
FrameImportSyncStepThree.dfm
FormImportSync.dfm
FormOpenFrame.dfm
FormAlertMessage.dfm
FrameImportSyncStepNone.dfm
NetFavorites.dres
NetFavorites.tlb
NetFavorites.res
Xiayijian.drf


Program entry point at 0002:0000110C
